Archive member included to satisfy reference by file (symbol)

/home/cgmin/20210402/glibc/build/libc_pic.a(check_fds.os)
                              /home/cgmin/20210402/glibc/build/elf/dl-allobjs.os (__libc_check_standard_fds)
/home/cgmin/20210402/glibc/build/libc_pic.a(errno.os)
                              /home/cgmin/20210402/glibc/build/libc_pic.a(check_fds.os) (__libc_errno)
/home/cgmin/20210402/glibc/build/libc_pic.a(setjmp.os)
                              /home/cgmin/20210402/glibc/build/elf/dl-allobjs.os (__sigsetjmp)
/home/cgmin/20210402/glibc/build/libc_pic.a(__longjmp.os)
                              /home/cgmin/20210402/glibc/build/elf/dl-allobjs.os (__longjmp)
/home/cgmin/20210402/glibc/build/libc_pic.a(libc-lowlevellock.os)
                              /home/cgmin/20210402/glibc/build/elf/dl-allobjs.os (__lll_lock_wait_private)
/home/cgmin/20210402/glibc/build/libc_pic.a(scratch_buffer_set_array_size.os)
                              /home/cgmin/20210402/glibc/build/elf/dl-allobjs.os (__libc_scratch_buffer_set_array_size)
/home/cgmin/20210402/glibc/build/libc_pic.a(strchr.os)
                              /home/cgmin/20210402/glibc/build/elf/dl-allobjs.os (strchr)
/home/cgmin/20210402/glibc/build/libc_pic.a(strcmp.os)
                              /home/cgmin/20210402/glibc/build/elf/dl-allobjs.os (strcmp)
/home/cgmin/20210402/glibc/build/libc_pic.a(strcspn.os)
                              /home/cgmin/20210402/glibc/build/elf/dl-allobjs.os (strcspn)
/home/cgmin/20210402/glibc/build/libc_pic.a(strdup.os)
                              /home/cgmin/20210402/glibc/build/elf/dl-allobjs.os (__strdup)
/home/cgmin/20210402/glibc/build/libc_pic.a(strlen.os)
                              /home/cgmin/20210402/glibc/build/elf/dl-allobjs.os (strlen)
/home/cgmin/20210402/glibc/build/libc_pic.a(strnlen.os)
                              /home/cgmin/20210402/glibc/build/elf/dl-allobjs.os (strnlen)
/home/cgmin/20210402/glibc/build/libc_pic.a(strncmp.os)
                              /home/cgmin/20210402/glibc/build/elf/dl-allobjs.os (strncmp)
/home/cgmin/20210402/glibc/build/libc_pic.a(memchr.os)
                              /home/cgmin/20210402/glibc/build/elf/dl-allobjs.os (memchr)
/home/cgmin/20210402/glibc/build/libc_pic.a(memcmp.os)
                              /home/cgmin/20210402/glibc/build/elf/dl-allobjs.os (memcmp)
/home/cgmin/20210402/glibc/build/libc_pic.a(memmove.os)
                              /home/cgmin/20210402/glibc/build/elf/dl-allobjs.os (memmove)
/home/cgmin/20210402/glibc/build/libc_pic.a(memset.os)
                              /home/cgmin/20210402/glibc/build/elf/dl-allobjs.os (memset)
/home/cgmin/20210402/glibc/build/libc_pic.a(mempcpy.os)
                              /home/cgmin/20210402/glibc/build/elf/dl-allobjs.os (__mempcpy)
/home/cgmin/20210402/glibc/build/libc_pic.a(stpcpy.os)
                              /home/cgmin/20210402/glibc/build/elf/dl-allobjs.os (__stpcpy)
/home/cgmin/20210402/glibc/build/libc_pic.a(memcpy.os)
                              /home/cgmin/20210402/glibc/build/libc_pic.a(check_fds.os) (__GI_memcpy)
/home/cgmin/20210402/glibc/build/libc_pic.a(rawmemchr.os)
                              /home/cgmin/20210402/glibc/build/elf/dl-allobjs.os (rawmemchr)
/home/cgmin/20210402/glibc/build/libc_pic.a(strcmp-sse2.os)
                              /home/cgmin/20210402/glibc/build/libc_pic.a(strcmp.os) (__strcmp_sse2)
/home/cgmin/20210402/glibc/build/libc_pic.a(strcmp-sse2-unaligned.os)
                              /home/cgmin/20210402/glibc/build/libc_pic.a(strcmp.os) (__strcmp_sse2_unaligned)
/home/cgmin/20210402/glibc/build/libc_pic.a(strcmp-ssse3.os)
                              /home/cgmin/20210402/glibc/build/libc_pic.a(strcmp.os) (__strcmp_ssse3)
/home/cgmin/20210402/glibc/build/libc_pic.a(strcmp-avx2.os)
                              /home/cgmin/20210402/glibc/build/libc_pic.a(strcmp.os) (__strcmp_avx2)
/home/cgmin/20210402/glibc/build/libc_pic.a(strncmp-sse2.os)
                              /home/cgmin/20210402/glibc/build/libc_pic.a(strncmp.os) (__strncmp_sse2)
/home/cgmin/20210402/glibc/build/libc_pic.a(strncmp-ssse3.os)
                              /home/cgmin/20210402/glibc/build/libc_pic.a(strncmp.os) (__strncmp_ssse3)
/home/cgmin/20210402/glibc/build/libc_pic.a(strncmp-sse4_2.os)
                              /home/cgmin/20210402/glibc/build/libc_pic.a(strncmp.os) (__strncmp_sse42)
/home/cgmin/20210402/glibc/build/libc_pic.a(strncmp-avx2.os)
                              /home/cgmin/20210402/glibc/build/libc_pic.a(strncmp.os) (__strncmp_avx2)
/home/cgmin/20210402/glibc/build/libc_pic.a(memchr-sse2.os)
                              /home/cgmin/20210402/glibc/build/libc_pic.a(memchr.os) (__memchr_sse2)
/home/cgmin/20210402/glibc/build/libc_pic.a(rawmemchr-sse2.os)
                              /home/cgmin/20210402/glibc/build/libc_pic.a(rawmemchr.os) (__rawmemchr_sse2)
/home/cgmin/20210402/glibc/build/libc_pic.a(memchr-avx2.os)
[...]
Memory Configuration

Name             Origin             Length             Attributes
*default*        0x0000000000000000 0xffffffffffffffff

Linker script and memory map

                0x0000000000000000                calloc = 0x0
                0x0000000000000000                free = 0x0
                0x0000000000000000                malloc = 0x0
                0x0000000000000000                realloc = 0x0
                0x0000000000000000                __stack_chk_fail = 0x0
                0x0000000000000000                __stack_chk_fail_local = 0x0
START GROUP
LOAD /home/cgmin/20210402/glibc/build/elf/dl-allobjs.os
LOAD /home/cgmin/20210402/glibc/build/libc_pic.a
LOAD /usr/lib/gcc/x86_64-linux-gnu/9/libgcc.a
END GROUP

.interp
 *(.interp)

.note.gnu.build-id
 *(.note.gnu.build-id)

.hash
 *(.hash)

.gnu.hash
 *(.gnu.hash)

.dynsym
 *(.dynsym)

.dynstr
 *(.dynstr)

.gnu.version
 *(.gnu.version)

.gnu.version_d
 *(.gnu.version_d)

.gnu.version_r
 *(.gnu.version_r)

.rela.init
 *(.rela.init)

.rela.text
 *(.rela.text)

.rela.fini
 *(.rela.fini)

.rela.rodata
 *(.rela.rodata)

.rela.data.rel.ro
 *(.rela.data.rel.ro)

.rela.data
 *(.rela.data)

.rela.tdata
 *(.rela.tdata)

.rela.tbss
 *(.rela.tbss)

.rela.ctors
 *(.rela.ctors)

.rela.dtors
 *(.rela.dtors)

.rela.got
 *(.rela.got)

.rela.bss
 *(.rela.bss)

.rela.ldata
 *(.rela.ldata)

.rela.lbss
 *(.rela.lbss)

.rela.lrodata
 *(.rela.lrodata)

.rela.ifunc
 *(.rela.ifunc)

.rela.plt
 *(.rela.plt)

.init
 *(SORT(.init))

.plt
 *(.plt)
 *(.iplt)

.plt.got
 *(.plt.got)

.plt.bnd
 *(.plt.bnd)

.text           0x0000000000000000    0x25244
 *(.text .stub)
 .text          0x0000000000000000    0x1e564 /home/cgmin/20210402/glibc/build/elf/dl-allobjs.os
                0x0000000000000000                _start
                0x0000000000000008                _dl_start_user
                0x00000000000013b0                handle_preload_list
                0x0000000000006370                _dl_dst_count
                0x0000000000006420                _dl_dst_substitute
                0x0000000000006b60                _dl_init_paths
                0x0000000000006e90                _dl_process_pt_gnu_property
                0x0000000000008560                _dl_map_object
                0x0000000000008ff0                _dl_rtld_di_serinfo
                0x0000000000009f60                _dl_lookup_symbol_x
                0x000000000000aee0                _dl_setup_hash
                0x000000000000af90                _dl_add_to_namespace_list
                0x000000000000b020                _dl_new_object
                0x000000000000b430                _dl_try_allocate_static_tls
                0x000000000000b550                _dl_allocate_static_tls
                0x000000000000b580                _dl_nothread_init_static_tls
                0x000000000000b5d0                _dl_protect_relro
                0x000000000000b630                _dl_reloc_bad_type
                0x000000000000b700                _dl_relocate_object
                0x000000000000d0a0                _dl_map_object_deps
                0x000000000000e190                _dl_fixup
                0x000000000000e350                _dl_profile_fixup
                0x000000000000ea10                _dl_call_pltexit
                0x000000000000ecc0                _dl_init
                0x000000000000ede0                _dl_fini
                0x000000000000f1d0                _dl_debug_state
                0x000000000000f1d0                __GI__dl_debug_state
                0x000000000000f1e0                _dl_debug_initialize
                0x000000000000f940                _dl_sysdep_read_whole_file
                0x000000000000f9d0                _dl_debug_printf
                0x000000000000fa80                _dl_debug_printf_c
                0x000000000000fb30                _dl_dprintf
                0x000000000000fbd0                _dl_printf
                0x000000000000fc80                _dl_error_printf
                0x000000000000fd30                _dl_fatal_printf
                0x000000000000fd30                __GI__dl_fatal_printf
                0x000000000000fde0                _dl_name_match_p
                0x000000000000fe50                _dl_higher_prime_number
                0x000000000000fea0                _dl_strtoul
                0x0000000000010000                _dl_check_map_versions
                0x0000000000010760                _dl_check_all_versions
                0x00000000000107e0                _dl_start_profile
                0x0000000000010f50                __GI__dl_mcount
                0x0000000000010f50                _dl_mcount
                0x0000000000011470                _dl_tls_static_surplus_init
                0x0000000000011500                _dl_next_tls_modid
                0x00000000000115f0                _dl_count_modids
                0x0000000000011660                _dl_determine_tlsoffset
                0x0000000000011810                _dl_get_tls_static_info
                0x0000000000011830                _dl_allocate_tls_storage
                0x0000000000011910                __GI__dl_allocate_tls_init
                0x0000000000011910                _dl_allocate_tls_init
                0x0000000000011b40                __GI__dl_allocate_tls
                0x0000000000011b40                _dl_allocate_tls
                0x0000000000011bc0                _dl_deallocate_tls
                0x0000000000011bc0                __GI__dl_deallocate_tls
                0x0000000000011c40                _dl_update_slotinfo
                0x0000000000011ed0                __GI___tls_get_addr
                0x0000000000011ed0                ___tls_get_addr
                0x0000000000011f20                _dl_tls_get_addr_soft
                0x0000000000011fa0                _dl_add_to_slotinfo
                0x00000000000120b0                __tls_get_addr_slow
                0x00000000000120e0                _dl_get_origin
                0x0000000000012240                _dl_scope_free
                0x0000000000012320                _dl_make_stack_executable
                0x0000000000012320                __GI__dl_make_stack_executable
                0x0000000000012660                __GI__dl_find_dso_for_object
                0x0000000000012660                _dl_find_dso_for_object
                0x0000000000012730                _dl_open
                0x0000000000012a70                _dl_show_scope
                0x0000000000013850                _dl_close_worker
                0x0000000000014920                _dl_close
                0x0000000000014990                _dl_runtime_profile_avx512
                0x0000000000014e10                _dl_runtime_profile_avx
                0x0000000000015290                _dl_runtime_profile_sse
                0x0000000000015490                _dl_runtime_resolve_fxsave
                0x0000000000015510                _dl_runtime_resolve_xsave
                0x00000000000155e0                _dl_runtime_resolve_xsavec
                0x00000000000156c0                _dl_exception_create
                0x00000000000156c0                __GI__dl_exception_create
                0x00000000000157b0                __GI__dl_exception_create_format
                0x00000000000157b0                _dl_exception_create_format
                0x0000000000015c00                _dl_exception_free
                0x0000000000015c00                __GI__dl_exception_free
                0x0000000000015c30                _dl_sort_maps
                0x0000000000015fd0                _dl_lookup_direct
                0x00000000000161a0                _dl_call_libc_early_init
                0x0000000000016220                _dl_write
                0x0000000000016230                __thread_gscope_wait
                0x0000000000016410                _dl_cache_libcmp
                0x0000000000016bf0                _dl_load_cache_lookup
                0x0000000000016f30                _dl_unload_cache
                0x00000000000170a0                __GI___tunable_set_val
                0x00000000000170c0                __GI___tunables_init
                0x0000000000017620                __GI___tunables_print
                0x0000000000017710                __tunable_get_val
                0x0000000000017710                __GI___tunable_get_val
                0x0000000000017780                _dl_make_tlsdesc_dynamic
                0x0000000000017a70                _dl_tlsdesc_resolve_rela_fixup
                0x0000000000017c20                _dl_tlsdesc_resolve_hold_fixup
                0x0000000000017c60                _dl_unmap
                0x0000000000017ce0                _dl_tlsdesc_return
                0x0000000000017cf0                _dl_tlsdesc_undefweak
                0x0000000000017d00                _dl_tlsdesc_dynamic
                0x0000000000017da0                _dl_tlsdesc_resolve_rela
                0x0000000000017e10                _dl_tlsdesc_resolve_hold
                0x0000000000017e90                __tls_get_addr
                0x0000000000019ce0                __x86_cpu_features
                0x0000000000019d00                _dl_x86_init_cpu_features
                0x0000000000019d20                _dl_x86_get_cpu_features
                0x0000000000019d30                _dl_tunable_set_hwcaps
                0x000000000001a7b0                _dl_sysdep_start
                0x000000000001abe0                _dl_sysdep_start_cleanup
                0x000000000001abf0                _dl_show_auxv
                0x000000000001ad90                _dl_discover_osversion
                0x000000000001af70                _dl_next_ld_env_entry
                0x000000000001afc0                unsetenv
                0x000000000001b1e0                __rtld_malloc_init_stubs
                0x000000000001b220                __sigjmp_save
                0x000000000001b230                __strerror_r
                0x000000000001b320                __GI___libc_fatal
                0x000000000001b320                __libc_fatal
                0x000000000001b340                __GI___chk_fail
                0x000000000001b340                __chk_fail
                0x000000000001b350                __GI___assert_fail
                0x000000000001b350                __assert_fail
                0x000000000001b410                __rtld_malloc_is_complete
                0x000000000001b670                __rtld_malloc_init_real
                0x000000000001b760                __GI___assert_perror_fail
                0x000000000001b760                __assert_perror_fail
                0x000000000001b7c0                _itoa
                0x000000000001b820                __strsep
                0x000000000001b820                strsep
                0x000000000001b820                __strsep_g
                0x000000000001b950                _dl_signal_exception
                0x000000000001b9a0                _dl_signal_error
                0x000000000001b9f0                _dl_signal_cexception
                0x000000000001ba80                _dl_signal_cerror
                0x000000000001bb00                _dl_catch_exception
                0x000000000001bbe0                _dl_catch_error
                0x000000000001bc30                _dl_receive_error
                0x000000000001bc80                _dl_resolve_conflicts
                0x000000000001bed0                _dl_important_hwcaps
                0x000000000001c7d0                _dl_hwcaps_split
                0x000000000001c7f0                _dl_hwcaps_contains
                0x000000000001c890                _dl_hwcaps_split_masked
                0x000000000001c8e0                _dl_hwcaps_subdirs_active
                0x000000000001caa0                _dl_usage
                0x000000000001caf0                _dl_version
                0x000000000001cb10                _dl_help
                0x000000000001d050                _dl_diagnostics_print_string
                0x000000000001d0e0                _dl_diagnostics_print_labeled_string
                0x000000000001d120                _dl_diagnostics_print_labeled_value
                0x000000000001d140                _dl_print_diagnostics
                0x000000000001d5e0                _dl_diagnostics_kernel
                0x000000000001d670                _dl_diagnostics_cpu
                0x000000000001dc80                __brk
                0x000000000001dc80                brk
                0x000000000001dcb0                sbrk
                0x000000000001dcb0                __sbrk
                0x000000000001dd50                __getcwd
                0x000000000001dd50                getcwd
                0x000000000001e380                openat64
                0x000000000001e3e0                __alloc_dir
                0x000000000001e4d0                __opendir
                0x000000000001e4d0                opendir
 *fill*         0x000000000001e564        0xc 
 .text          0x000000000001e570       0xd2 /home/cgmin/20210402/glibc/build/libc_pic.a(check_fds.os)
                0x000000000001e610                __libc_check_standard_fds
 .text          0x000000000001e642        0x0 /home/cgmin/20210402/glibc/build/libc_pic.a(errno.os)
 *fill*         0x000000000001e642        0xe 
 .text          0x000000000001e650       0x57 /home/cgmin/20210402/glibc/build/libc_pic.a(setjmp.os)
                0x000000000001e650                __sigsetjmp
                0x000000000001e650                __GI___sigsetjmp
 *fill*         0x000000000001e6a7        0x9 
 .text          0x000000000001e6b0       0x50 /home/cgmin/20210402/glibc/build/libc_pic.a(__longjmp.os)
                0x000000000001e6b0                __longjmp
 .text          0x000000000001e700       0x59 /home/cgmin/20210402/glibc/build/libc_pic.a(libc-lowlevellock.os)
                0x000000000001e700                __lll_lock_wait_private
 *fill*         0x000000000001e759        0x7 
 .text          0x000000000001e760       0xae /home/cgmin/20210402/glibc/build/libc_pic.a(scratch_buffer_set_array_size.os)
                0x000000000001e760                __libc_scratch_buffer_set_array_size
                0x000000000001e760                __GI___libc_scratch_buffer_set_array_size
 *fill*         0x000000000001e80e        0x2 
 .text          0x000000000001e810       0x46 /home/cgmin/20210402/glibc/build/libc_pic.a(strchr.os)
                0x000000000001e810                __GI_strchr
                0x000000000001e810                index
                0x000000000001e810                strchr
 *fill*         0x000000000001e856        0xa 
 .text          0x000000000001e860       0x55 /home/cgmin/20210402/glibc/build/libc_pic.a(strcmp.os)
                0x000000000001e860                __GI_strcmp
                0x000000000001e860                strcmp
 *fill*         0x000000000001e8b5        0xb 
 .text          0x000000000001e8c0       0x21 /home/cgmin/20210402/glibc/build/libc_pic.a(strcspn.os)
                0x000000000001e8c0                strcspn
                0x000000000001e8c0                __GI_strcspn
 *fill*         0x000000000001e8e1        0xf 
 .text          0x000000000001e8f0       0x3c /home/cgmin/20210402/glibc/build/libc_pic.a(strdup.os)
                0x000000000001e8f0                __GI___strdup
                0x000000000001e8f0                __strdup
                0x000000000001e8f0                strdup
 *fill*         0x000000000001e92c        0x4 
 .text          0x000000000001e930       0x31 /home/cgmin/20210402/glibc/build/libc_pic.a(strlen.os)
                0x000000000001e930                strlen
                0x000000000001e930                __GI_strlen
 *fill*         0x000000000001e961        0xf 
 .text          0x000000000001e970       0x31 /home/cgmin/20210402/glibc/build/libc_pic.a(strnlen.os)
                0x000000000001e970                __strnlen
                0x000000000001e970                strnlen
                0x000000000001e970                __GI___strnlen
                0x000000000001e970                __GI_strnlen
 *fill*         0x000000000001e9a1        0xf 
 .text          0x000000000001e9b0       0x60 /home/cgmin/20210402/glibc/build/libc_pic.a(strncmp.os)
                0x000000000001e9b0                __GI_strncmp
                0x000000000001e9b0                strncmp
 .text          0x000000000001ea10       0x31 /home/cgmin/20210402/glibc/build/libc_pic.a(memchr.os)
                0x000000000001ea10                __GI_memchr
                0x000000000001ea10                memchr
                0x000000000001ea10                __memchr
 *fill*         0x000000000001ea41        0xf 
 .text          0x000000000001ea50       0x65 /home/cgmin/20210402/glibc/build/libc_pic.a(memcmp.os)
                0x000000000001ea50                bcmp
                0x000000000001ea50                __GI_memcmp
                0x000000000001ea50                memcmp
 *fill*         0x000000000001eab5        0xb 
 .text          0x000000000001eac0       0xb9 /home/cgmin/20210402/glibc/build/libc_pic.a(memmove.os)
                0x000000000001eac0                memmove
                0x000000000001eac0                __GI_memmove
                0x000000000001eac0                __libc_memmove
 *fill*         0x000000000001eb79        0x7 
 .text          0x000000000001eb80       0x8f /home/cgmin/20210402/glibc/build/libc_pic.a(memset.os)
                0x000000000001eb80                __GI_memset
                0x000000000001eb80                memset
 *fill*         0x000000000001ec0f        0x1 
 .text          0x000000000001ec10       0xb9 /home/cgmin/20210402/glibc/build/libc_pic.a(mempcpy.os)
                0x000000000001ec10                mempcpy
                0x000000000001ec10                __GI_mempcpy
                0x000000000001ec10                __mempcpy
                0x000000000001ec10                __GI___mempcpy
 *fill*         0x000000000001ecc9        0x7 
 .text          0x000000000001ecd0       0x55 /home/cgmin/20210402/glibc/build/libc_pic.a(stpcpy.os)
                0x000000000001ecd0                stpcpy
                0x000000000001ecd0                __GI_stpcpy
                0x000000000001ecd0                __stpcpy
                0x000000000001ecd0                __GI___stpcpy
 *fill*         0x000000000001ed25        0xb 
 .text          0x000000000001ed30       0xb9 /home/cgmin/20210402/glibc/build/libc_pic.a(memcpy.os)
                0x000000000001ed30                __GI_memcpy
                0x000000000001ed30                __new_memcpy
                0x000000000001ed30                memcpy@@GLIBC_2.14
 *fill*         0x000000000001ede9        0x7 
 .text          0x000000000001edf0       0x31 /home/cgmin/20210402/glibc/build/libc_pic.a(rawmemchr.os)
                0x000000000001edf0                __GI___rawmemchr
                0x000000000001edf0                __rawmemchr
                0x000000000001edf0                rawmemchr
 *fill*         0x000000000001ee21        0xf 
 .text          0x000000000001ee30     0x1439 /home/cgmin/20210402/glibc/build/libc_pic.a(strcmp-sse2.os)
                0x000000000001ee30                __strcmp_sse2
 *fill*         0x0000000000020269        0x7 
 .text          0x0000000000020270      0x2a3 /home/cgmin/20210402/glibc/build/libc_pic.a(strcmp-sse2-unaligned.os)
                0x0000000000020270                __strcmp_sse2_unaligned
 .text          0x0000000000020513        0x0 /home/cgmin/20210402/glibc/build/libc_pic.a(strcmp-ssse3.os)
 .text          0x0000000000020513        0x0 /home/cgmin/20210402/glibc/build/libc_pic.a(strcmp-avx2.os)
 *fill*         0x0000000000020513        0xd 
 .text          0x0000000000020520     0x1849 /home/cgmin/20210402/glibc/build/libc_pic.a(strncmp-sse2.os)
                0x0000000000020520                __strncmp_sse2
 .text          0x0000000000021d69        0x0 /home/cgmin/20210402/glibc/build/libc_pic.a(strncmp-ssse3.os)
 .text          0x0000000000021d69        0x0 /home/cgmin/20210402/glibc/build/libc_pic.a(strncmp-sse4_2.os)
 .text          0x0000000000021d69        0x0 /home/cgmin/20210402/glibc/build/libc_pic.a(strncmp-avx2.os)
 *fill*         0x0000000000021d69        0x7 
 .text          0x0000000000021d70      0x323 /home/cgmin/20210402/glibc/build/libc_pic.a(memchr-sse2.os)
                0x0000000000021d70                __memchr_sse2
 *fill*         0x0000000000022093        0xd 
 .text          0x00000000000220a0      0x1f9 /home/cgmin/20210402/glibc/build/libc_pic.a(rawmemchr-sse2.os)
                0x00000000000220a0                __rawmemchr_sse2
 .text          0x0000000000022299        0x0 /home/cgmin/20210402/glibc/build/libc_pic.a(memchr-avx2.os)
 .text          0x0000000000022299        0x0 /home/cgmin/20210402/glibc/build/libc_pic.a(rawmemchr-avx2.os)
 *fill*         0x0000000000022299        0x7 
 .text          0x00000000000222a0      0x400 /home/cgmin/20210402/glibc/build/libc_pic.a(memcmp-sse2.os)
                0x00000000000222a0                __memcmp_sse2
 .text          0x00000000000226a0        0x0 /home/cgmin/20210402/glibc/build/libc_pic.a(memcmp-avx2-movbe.os)
 .text          0x00000000000226a0        0x0 /home/cgmin/20210402/glibc/build/libc_pic.a(memcmp-sse4.os)
 .text          0x00000000000226a0        0x0 /home/cgmin/20210402/glibc/build/libc_pic.a(memcpy-ssse3.os)
 .text          0x00000000000226a0        0x0 /home/cgmin/20210402/glibc/build/libc_pic.a(memmove-ssse3.os)
 .text          0x00000000000226a0        0x0 /home/cgmin/20210402/glibc/build/libc_pic.a(memcpy-ssse3-back.os)
 .text          0x00000000000226a0        0x0 /home/cgmin/20210402/glibc/build/libc_pic.a(memmove-ssse3-back.os)
 .text          0x00000000000226a0        0x0 /home/cgmin/20210402/glibc/build/libc_pic.a(memmove-avx512-no-vzeroupper.os)
 .text          0x00000000000226a0      0x21a /home/cgmin/20210402/glibc/build/libc_pic.a(strchr-sse2.os)
                0x00000000000226a0                __strchr_sse2
 .text          0x00000000000228ba        0x0 /home/cgmin/20210402/glibc/build/libc_pic.a(strchr-avx2.os)
 *fill*         0x00000000000228ba        0x6 
 .text          0x00000000000228c0      0x19c /home/cgmin/20210402/glibc/build/libc_pic.a(strlen-sse2.os)
                0x00000000000228c0                __strlen_sse2
                0x00000000000228c0                __GI___strlen_sse2
 *fill*         0x0000000000022a5c        0x4 
 .text          0x0000000000022a60      0x218 /home/cgmin/20210402/glibc/build/libc_pic.a(strnlen-sse2.os)
                0x0000000000022a60                __strnlen_sse2
 .text          0x0000000000022c78        0x0 /home/cgmin/20210402/glibc/build/libc_pic.a(strlen-avx2.os)
 .text          0x0000000000022c78        0x0 /home/cgmin/20210402/glibc/build/libc_pic.a(strnlen-avx2.os)
 *fill*         0x0000000000022c78        0x8 
 .text          0x0000000000022c80       0xdc /home/cgmin/20210402/glibc/build/libc_pic.a(stpcpy-sse2.os)
                0x0000000000022c80                __stpcpy_sse2
 .text          0x0000000000022d5c        0x0 /home/cgmin/20210402/glibc/build/libc_pic.a(stpcpy-ssse3.os)
 *fill*         0x0000000000022d5c        0x4 
 .text          0x0000000000022d60      0x6b0 /home/cgmin/20210402/glibc/build/libc_pic.a(stpcpy-sse2-unaligned.os)
                0x0000000000022d60                __stpcpy_sse2_unaligned
 .text          0x0000000000023410        0x0 /home/cgmin/20210402/glibc/build/libc_pic.a(stpcpy-avx2.os)
 .text          0x0000000000023410        0x0 /home/cgmin/20210402/glibc/build/libc_pic.a(strchr-sse2-no-bsf.os)
 .text          0x0000000000023410        0x0 /home/cgmin/20210402/glibc/build/libc_pic.a(memcmp-ssse3.os)
 .text          0x0000000000023410       0x97 /home/cgmin/20210402/glibc/build/libc_pic.a(strcspn-sse2.os)
                0x0000000000023410                __strcspn_sse2
 .text          0x00000000000234a7        0x0 /home/cgmin/20210402/glibc/build/libc_pic.a(strcspn-c.os)
 .text          0x00000000000234a7        0x0 /home/cgmin/20210402/glibc/build/libc_pic.a(varshift.os)
 .text          0x00000000000234a7        0x0 /home/cgmin/20210402/glibc/build/libc_pic.a(memset-avx512-no-vzeroupper.os)
 *fill*         0x00000000000234a7        0x9 
 .text          0x00000000000234b0      0x3e9 /home/cgmin/20210402/glibc/build/libc_pic.a(memmove-sse2-unaligned-erms.os)
                0x00000000000234b0                __mempcpy_chk_sse2_unaligned
                0x00000000000234c0                __mempcpy_sse2_unaligned
                0x00000000000234d0                __memcpy_chk_sse2_unaligned
                0x00000000000234d0                __memmove_chk_sse2_unaligned
                0x00000000000234e0                __memmove_sse2_unaligned
                0x00000000000234e0                __memcpy_sse2_unaligned
                0x00000000000234e0                memcpy@GLIBC_2.2.5
                0x0000000000023510                __mempcpy_chk_erms
                0x0000000000023520                __mempcpy_erms
                0x0000000000023530                __memcpy_chk_erms
                0x0000000000023530                __memmove_chk_erms
                0x0000000000023540                __memmove_erms
                0x0000000000023540                __memcpy_erms
                0x0000000000023570                __mempcpy_chk_sse2_unaligned_erms
                0x0000000000023580                __mempcpy_sse2_unaligned_erms
                0x0000000000023590                __memmove_chk_sse2_unaligned_erms
                0x0000000000023590                __memcpy_chk_sse2_unaligned_erms
                0x00000000000235a0                __memmove_sse2_unaligned_erms
                0x00000000000235a0                __memcpy_sse2_unaligned_erms
 .text          0x0000000000023899        0x0 /home/cgmin/20210402/glibc/build/libc_pic.a(memmove-avx-unaligned-erms.os)
 .text          0x0000000000023899        0x0 /home/cgmin/20210402/glibc/build/libc_pic.a(memmove-avx512-unaligned-erms.os)
 *fill*         0x0000000000023899        0x7 
 .text          0x00000000000238a0      0x1b3 /home/cgmin/20210402/glibc/build/libc_pic.a(memset-sse2-unaligned-erms.os)
                0x00000000000238a0                __bzero
                0x00000000000238a0                bzero
                0x00000000000238b0                __wmemset_chk_sse2_unaligned
                0x00000000000238c0                __wmemset_sse2_unaligned
                0x00000000000238e0                __memset_chk_sse2_unaligned
                0x00000000000238f0                __memset_sse2_unaligned
                0x0000000000023930                __memset_chk_erms
                0x0000000000023940                __memset_erms
                0x0000000000023960                __memset_chk_sse2_unaligned_erms
                0x0000000000023970                __memset_sse2_unaligned_erms
 .text          0x0000000000023a53        0x0 /home/cgmin/20210402/glibc/build/libc_pic.a(memset-avx2-unaligned-erms.os)
 .text          0x0000000000023a53        0x0 /home/cgmin/20210402/glibc/build/libc_pic.a(memset-avx512-unaligned-erms.os)
 *fill*         0x0000000000023a53        0xd 
 .text          0x0000000000023a60      0x198 /home/cgmin/20210402/glibc/build/libc_pic.a(cacheinfo.os)
                0x0000000000023a60                __x86_cacheinfo
                0x0000000000023b10                __cache_sysconf
 *fill*         0x0000000000023bf8        0x8 
 .text          0x0000000000023c00       0x29 /home/cgmin/20210402/glibc/build/libc_pic.a(closedir.os)
                0x0000000000023c00                __closedir
                0x0000000000023c00                closedir
 *fill*         0x0000000000023c29        0x7 
 .text          0x0000000000023c30       0xa3 /home/cgmin/20210402/glibc/build/libc_pic.a(rewinddir.os)
                0x0000000000023c30                rewinddir
                0x0000000000023c30                __rewinddir
                0x0000000000023c30                __GI___rewinddir
 *fill*         0x0000000000023cd3        0xd 
 .text          0x0000000000023ce0      0x10c /home/cgmin/20210402/glibc/build/libc_pic.a(readdir64.os)
                0x0000000000023ce0                readdir
                0x0000000000023ce0                __readdir64
                0x0000000000023ce0                __readdir
                0x0000000000023ce0                __GI___readdir64
                0x0000000000023ce0                readdir64
 *fill*         0x0000000000023dec        0x4 
 .text          0x0000000000023df0       0x92 /home/cgmin/20210402/glibc/build/libc_pic.a(fdopendir.os)
                0x0000000000023df0                fdopendir
                0x0000000000023df0                __fdopendir
 *fill*         0x0000000000023e82        0xe 
 .text          0x0000000000023e90       0x21 /home/cgmin/20210402/glibc/build/libc_pic.a(uname.os)
                0x0000000000023e90                uname
                0x0000000000023e90                __GI_uname
                0x0000000000023e90                __uname
                0x0000000000023e90                __GI___uname
 *fill*         0x0000000000023eb1        0xf 
 .text          0x0000000000023ec0       0x58 /home/cgmin/20210402/glibc/build/libc_pic.a(_exit.os)
                0x0000000000023ec0                _Exit
                0x0000000000023ec0                __GI__exit
                0x0000000000023ec0                _exit
 *fill*         0x0000000000023f18        0x8 
 .text          0x0000000000023f20        0x8 /home/cgmin/20210402/glibc/build/libc_pic.a(getpid.os)
                0x0000000000023f20                __getpid
                0x0000000000023f20                getpid
                0x0000000000023f20                __GI_getpid
                0x0000000000023f20                __GI___getpid
 .text          0x0000000000023f28        0x0 /home/cgmin/20210402/glibc/build/libc_pic.a(environ.os)
 *fill*         0x0000000000023f28        0x8 
 .text          0x0000000000023f30       0x12 /home/cgmin/20210402/glibc/build/libc_pic.a(stat64.os)
                0x0000000000023f30                stat64
                0x0000000000023f30                __stat
                0x0000000000023f30                __stat64
                0x0000000000023f30                stat
                0x0000000000023f30                __GI___stat64
 *fill*         0x0000000000023f42        0xe 
 .text          0x0000000000023f50       0x34 /home/cgmin/20210402/glibc/build/libc_pic.a(fstat64.os)
                0x0000000000023f50                __GI___fstat64
                0x0000000000023f50                fstat64
                0x0000000000023f50                fstat
                0x0000000000023f50                __fstat64
                0x0000000000023f50                __fstat
 *fill*         0x0000000000023f84        0xc 
 .text          0x0000000000023f90       0x15 /home/cgmin/20210402/glibc/build/libc_pic.a(lstat64.os)
                0x0000000000023f90                __lstat64
                0x0000000000023f90                lstat
                0x0000000000023f90                lstat64
                0x0000000000023f90                __GI___lstat64
                0x0000000000023f90                __lstat
 *fill*         0x0000000000023fa5        0xb 
 .text          0x0000000000023fb0       0x2a /home/cgmin/20210402/glibc/build/libc_pic.a(fstatat64.os)
                0x0000000000023fb0                fstatat
                0x0000000000023fb0                __fstatat
                0x0000000000023fb0                fstatat64
                0x0000000000023fb0                __fstatat64
                0x0000000000023fb0                __GI___fstatat
                0x0000000000023fb0                __GI___fstatat64
 *fill*         0x0000000000023fda        0x6 
 .text          0x0000000000023fe0       0xe9 /home/cgmin/20210402/glibc/build/libc_pic.a(openat64.os)
                0x0000000000023fe0                __openat64
                0x0000000000023fe0                __GI___openat
                0x0000000000023fe0                __GI___openat64
                0x0000000000023fe0                __libc_openat64
                0x0000000000023fe0                __openat
                0x0000000000023fe0                openat
 *fill*         0x00000000000240c9        0x7 
 .text          0x00000000000240d0       0x24 /home/cgmin/20210402/glibc/build/libc_pic.a(lseek64.os)
                0x00000000000240d0                __compat_llseek
                0x00000000000240d0                __GI___lseek
                0x00000000000240d0                __lseek64
                0x00000000000240d0                lseek
                0x00000000000240d0                __libc_lseek64
                0x00000000000240d0                llseek@GLIBC_2.2.5
                0x00000000000240d0                __lseek
                0x00000000000240d0                __libc_lseek
                0x00000000000240d0                lseek64
 *fill*         0x00000000000240f4        0xc 
 .text          0x0000000000024100       0x22 /home/cgmin/20210402/glibc/build/libc_pic.a(access.os)
                0x0000000000024100                __GI___access
                0x0000000000024100                access
                0x0000000000024100                __access
 *fill*         0x0000000000024122        0xe 
 .text          0x0000000000024130       0x22 /home/cgmin/20210402/glibc/build/libc_pic.a(close_nocancel.os)
                0x0000000000024130                __GI___close_nocancel
                0x0000000000024130                __close_nocancel
 *fill*         0x0000000000024152        0xe 
 .text          0x0000000000024160       0x8f /home/cgmin/20210402/glibc/build/libc_pic.a(fcntl_nocancel.os)
                0x0000000000024160                __fcntl64_nocancel_adjusted
                0x00000000000241c0                __fcntl64_nocancel
                0x00000000000241c0                __GI___fcntl64_nocancel
 *fill*         0x00000000000241ef        0x1 
 .text          0x00000000000241f0       0x7a /home/cgmin/20210402/glibc/build/libc_pic.a(open64_nocancel.os)
                0x00000000000241f0                __GI___open_nocancel
                0x00000000000241f0                __open_nocancel
                0x00000000000241f0                __GI___open64_nocancel
                0x00000000000241f0                __open64_nocancel
 *fill*         0x000000000002426a        0x6 
 .text          0x0000000000024270       0x24 /home/cgmin/20210402/glibc/build/libc_pic.a(read_nocancel.os)
                0x0000000000024270                __read_nocancel
                0x0000000000024270                __GI___read_nocancel
 *fill*         0x0000000000024294        0xc 
 .text          0x00000000000242a0       0x2c /home/cgmin/20210402/glibc/build/libc_pic.a(pread64_nocancel.os)
                0x00000000000242a0                __GI___pread64_nocancel
                0x00000000000242a0                __pread64_nocancel
 *fill*         0x00000000000242cc        0x4 
 .text          0x00000000000242d0       0x24 /home/cgmin/20210402/glibc/build/libc_pic.a(write_nocancel.os)
                0x00000000000242d0                __GI___write_nocancel
                0x00000000000242d0                __write_nocancel
 *fill*         0x00000000000242f4        0xc 
 .text          0x0000000000024300       0xa5 /home/cgmin/20210402/glibc/build/libc_pic.a(mmap64.os)
                0x0000000000024300                __GI___mmap
                0x0000000000024300                __mmap
                0x0000000000024300                mmap
                0x0000000000024300                __GI___mmap64
                0x0000000000024300                __mmap64
                0x0000000000024300                mmap64
 *fill*         0x00000000000243a5        0xb 
 .text          0x00000000000243b0       0x21 /home/cgmin/20210402/glibc/build/libc_pic.a(munmap.os)
                0x00000000000243b0                munmap
                0x00000000000243b0                __GI___munmap
                0x00000000000243b0                __GI_munmap
                0x00000000000243b0                __munmap
 *fill*         0x00000000000243d1        0xf 
 .text          0x00000000000243e0       0x21 /home/cgmin/20210402/glibc/build/libc_pic.a(mprotect.os)
                0x00000000000243e0                __mprotect
                0x00000000000243e0                __GI___mprotect
                0x00000000000243e0                __GI_mprotect
                0x00000000000243e0                mprotect
 *fill*         0x0000000000024401        0xf 
 .text          0x0000000000024410      0x1b7 /home/cgmin/20210402/glibc/build/libc_pic.a(profil.os)
                0x0000000000024460                __profil
                0x0000000000024460                profil
 *fill*         0x00000000000245c7        0x9 
 .text          0x00000000000245d0        0xb /home/cgmin/20210402/glibc/build/libc_pic.a(prof-freq.os)
                0x00000000000245d0                __GI___profile_frequency
                0x00000000000245d0                __profile_frequency
 *fill*         0x00000000000245db        0x5 
 .text          0x00000000000245e0       0x7b /home/cgmin/20210402/glibc/build/libc_pic.a(dl-addr-obj.os)
                0x00000000000245e0                _dl_addr_inside_object
 *fill*         0x000000000002465b        0x5 
 .text          0x0000000000024660      0x1ec /home/cgmin/20210402/glibc/build/libc_pic.a(sigaction.os)
                0x0000000000024680                __libc_sigaction
                0x0000000000024680                __GI___libc_sigaction
                0x0000000000024820                sigaction
                0x0000000000024820                __GI___sigaction
                0x0000000000024820                __sigaction
 *fill*         0x000000000002484c        0x4 
 .text          0x0000000000024850      0x125 /home/cgmin/20210402/glibc/build/libc_pic.a(libc-cancellation.os)
                0x0000000000024850                __libc_enable_asynccancel
                0x00000000000248d0                __libc_disable_asynccancel
 *fill*         0x0000000000024975        0xb 
 .text          0x0000000000024980       0x22 /home/cgmin/20210402/glibc/build/libc_pic.a(setitimer.os)
                0x0000000000024980                setitimer
                0x0000000000024980                __setitimer
 *fill*         0x00000000000249a2        0xe 
 .text          0x00000000000249b0       0x34 /home/cgmin/20210402/glibc/build/libc_pic.a(getdents64.os)
                0x00000000000249b0                __getdents
                0x00000000000249b0                __GI___getdents64
                0x00000000000249b0                getdents64
                0x00000000000249b0                __getdents64
 *fill*         0x00000000000249e4        0xc 
 .text          0x00000000000249f0      0x203 /home/cgmin/20210402/glibc/build/libc_pic.a(forward.os)
                0x00000000000249f0                pthread_cond_broadcast@@GLIBC_2.3.2
                0x00000000000249f0                __pthread_cond_broadcast
                0x0000000000024a20                pthread_cond_signal@@GLIBC_2.3.2
                0x0000000000024a20                __pthread_cond_signal
                0x0000000000024a50                pthread_cond_wait@@GLIBC_2.3.2
                0x0000000000024a50                __pthread_cond_wait
                0x0000000000024a80                pthread_cond_timedwait@@GLIBC_2.3.2
                0x0000000000024a80                __pthread_cond_timedwait
                0x0000000000024ab0                pthread_exit
                0x0000000000024ab0                __pthread_exit
                0x0000000000024ae0                pthread_mutex_destroy
                0x0000000000024b10                pthread_mutex_init
                0x0000000000024b40                pthread_mutex_lock
                0x0000000000024b70                pthread_mutex_unlock
                0x0000000000024ba0                __pthread_setcancelstate
                0x0000000000024ba0                pthread_setcancelstate
                0x0000000000024bd0                pthread_setcanceltype
 *fill*         0x0000000000024bf3        0xd 
 .text          0x0000000000024c00      0x2aa /home/cgmin/20210402/glibc/build/libc_pic.a(exit.os)
                0x0000000000024c00                __run_exit_handlers
                0x0000000000024e90                __GI_exit
                0x0000000000024e90                exit
 *fill*         0x0000000000024eaa        0x6 
 .text          0x0000000000024eb0      0x25c /home/cgmin/20210402/glibc/build/libc_pic.a(cxa_atexit.os)
                0x0000000000024eb0                __new_exitfn
                0x0000000000024fd0                __internal_atexit
                0x0000000000025100                __cxa_atexit
                0x0000000000025100                __GI___cxa_atexit
 *fill*         0x000000000002510c        0x4 
 .text          0x0000000000025110      0x134 /home/cgmin/20210402/glibc/build/libc_pic.a(cxa_thread_atexit_impl.os)
                0x0000000000025110                __cxa_thread_atexit_impl
                0x00000000000251e0                __GI___call_tls_dtors
                0x00000000000251e0                __call_tls_dtors
 *(.gnu.warning)

.text.ssse3     0x0000000000000000     0xed43
 .text.ssse3    0x0000000000000000     0x1259 /home/cgmin/20210402/glibc/build/libc_pic.a(strcmp-ssse3.os)
                0x0000000000000000                __GI___strcmp_ssse3
                0x0000000000000000                __strcmp_ssse3
 *fill*         0x0000000000001259        0x7 
 .text.ssse3    0x0000000000001260     0x1759 /home/cgmin/20210402/glibc/build/libc_pic.a(strncmp-ssse3.os)
                0x0000000000001260                __strncmp_ssse3
 *fill*         0x00000000000029b9        0x7 
 .text.ssse3    0x00000000000029c0     0x29e6 /home/cgmin/20210402/glibc/build/libc_pic.a(memcpy-ssse3.os)
                0x00000000000029c0                __mempcpy_chk_ssse3
                0x00000000000029d0                __mempcpy_ssse3
                0x00000000000029e0                __memcpy_chk_ssse3
                0x00000000000029f0                __memcpy_ssse3
 *fill*         0x00000000000053a6        0xa 
 .text.ssse3    0x00000000000053b0     0x2b77 /home/cgmin/20210402/glibc/build/libc_pic.a(memmove-ssse3.os)
                0x00000000000053b0                __memmove_chk_ssse3
                0x00000000000053c0                __memmove_ssse3
 *fill*         0x0000000000007f27        0x9 
 .text.ssse3    0x0000000000007f30     0x2ae6 /home/cgmin/20210402/glibc/build/libc_pic.a(memcpy-ssse3-back.os)
                0x0000000000007f30                __mempcpy_chk_ssse3_back
                0x0000000000007f40                __mempcpy_ssse3_back
                0x0000000000007f50                __memcpy_chk_ssse3_back
                0x0000000000007f60                __memcpy_ssse3_back
 *fill*         0x000000000000aa16        0xa 
 .text.ssse3    0x000000000000aa20     0x2b16 /home/cgmin/20210402/glibc/build/libc_pic.a(memmove-ssse3-back.os)
                0x000000000000aa20                __memmove_chk_ssse3_back
                0x000000000000aa30                __memmove_ssse3_back
 *fill*         0x000000000000d536        0xa 
 .text.ssse3    0x000000000000d540     0x1803 /home/cgmin/20210402/glibc/build/libc_pic.a(stpcpy-ssse3.os)
                0x000000000000d540                __stpcpy_ssse3

.text.avx       0x0000000000000000     0x220b
 .text.avx      0x0000000000000000      0x43f /home/cgmin/20210402/glibc/build/libc_pic.a(strcmp-avx2.os)
                0x0000000000000000                __strcmp_avx2
 *fill*         0x000000000000043f        0x1 
 .text.avx      0x0000000000000440      0x518 /home/cgmin/20210402/glibc/build/libc_pic.a(strncmp-avx2.os)
                0x0000000000000440                __strncmp_avx2
 *fill*         0x0000000000000958        0x8 
 .text.avx      0x0000000000000960      0x2cd /home/cgmin/20210402/glibc/build/libc_pic.a(memchr-avx2.os)
                0x0000000000000960                __memchr_avx2
 *fill*         0x0000000000000c2d        0x3 
 .text.avx      0x0000000000000c30      0x13d /home/cgmin/20210402/glibc/build/libc_pic.a(rawmemchr-avx2.os)
                0x0000000000000c30                __rawmemchr_avx2
 *fill*         0x0000000000000d6d        0x3 
 .text.avx      0x0000000000000d70      0x3d4 /home/cgmin/20210402/glibc/build/libc_pic.a(memcmp-avx2-movbe.os)
                0x0000000000000d70                __memcmp_avx2_movbe
 *fill*         0x0000000000001144        0xc 
 .text.avx      0x0000000000001150      0x224 /home/cgmin/20210402/glibc/build/libc_pic.a(strchr-avx2.os)
                0x0000000000001150                __strchr_avx2
 *fill*         0x0000000000001374        0xc 
 .text.avx      0x0000000000001380      0x18e /home/cgmin/20210402/glibc/build/libc_pic.a(strlen-avx2.os)
                0x0000000000001380                __strlen_avx2
 *fill*         0x000000000000150e        0x2 
 .text.avx      0x0000000000001510      0x31e /home/cgmin/20210402/glibc/build/libc_pic.a(strnlen-avx2.os)
                0x0000000000001510                __strnlen_avx2
 *fill*         0x000000000000182e        0x2 
 .text.avx      0x0000000000001830      0x3ac /home/cgmin/20210402/glibc/build/libc_pic.a(stpcpy-avx2.os)
                0x0000000000001830                __stpcpy_avx2
 *fill*         0x0000000000001bdc        0x4 
 .text.avx      0x0000000000001be0      0x477 /home/cgmin/20210402/glibc/build/libc_pic.a(memmove-avx-unaligned-erms.os)
                0x0000000000001be0                __mempcpy_chk_avx_unaligned
                0x0000000000001bf0                __mempcpy_avx_unaligned
                0x0000000000001c00                __memcpy_chk_avx_unaligned
                0x0000000000001c00                __memmove_chk_avx_unaligned
                0x0000000000001c10                __memcpy_avx_unaligned
                0x0000000000001c10                __memmove_avx_unaligned
                0x0000000000001c40                __mempcpy_chk_avx_unaligned_erms
                0x0000000000001c50                __mempcpy_avx_unaligned_erms
                0x0000000000001c60                __memmove_chk_avx_unaligned_erms
                0x0000000000001c60                __memcpy_chk_avx_unaligned_erms
                0x0000000000001c70                __memcpy_avx_unaligned_erms
                0x0000000000001c70                __memmove_avx_unaligned_erms
 *fill*         0x0000000000002057        0x9 
 .text.avx      0x0000000000002060      0x1ab /home/cgmin/20210402/glibc/build/libc_pic.a(memset-avx2-unaligned-erms.os)
                0x0000000000002060                __wmemset_chk_avx2_unaligned
                0x0000000000002070                __wmemset_avx2_unaligned
                0x0000000000002090                __memset_chk_avx2_unaligned
                0x00000000000020a0                __memset_avx2_unaligned
                0x00000000000020d0                __memset_avx2_erms
                0x00000000000020f0                __memset_chk_avx2_unaligned_erms
                0x0000000000002100                __memset_avx2_unaligned_erms

.text.sse4.2    0x0000000000000000     0x110f
 .text.sse4.2   0x0000000000000000      0xfd9 /home/cgmin/20210402/glibc/build/libc_pic.a(strncmp-sse4_2.os)
                0x0000000000000000                __strncmp_sse42
 *fill*         0x0000000000000fd9        0x7 
 .text.sse4.2   0x0000000000000fe0      0x12f /home/cgmin/20210402/glibc/build/libc_pic.a(strcspn-c.os)
                0x0000000000000fe0                __strcspn_sse42

.text.sse4.1    0x0000000000000000     0x163e
 .text.sse4.1   0x0000000000000000     0x163e /home/cgmin/20210402/glibc/build/libc_pic.a(memcmp-sse4.os)
                0x0000000000000000                __memcmp_sse4_1

.text.avx512    0x0000000000000000     0x1191
 .text.avx512   0x0000000000000000      0x76b /home/cgmin/20210402/glibc/build/libc_pic.a(memmove-avx512-no-vzeroupper.os)
                0x0000000000000000                __mempcpy_chk_avx512_no_vzeroupper
                0x0000000000000010                __mempcpy_avx512_no_vzeroupper
                0x0000000000000020                __memcpy_chk_avx512_no_vzeroupper
                0x0000000000000020                __memmove_chk_avx512_no_vzeroupper
                0x0000000000000030                __memcpy_avx512_no_vzeroupper
                0x0000000000000030                __memmove_avx512_no_vzeroupper
 *fill*         0x000000000000076b        0x5 
 .text.avx512   0x0000000000000770      0x280 /home/cgmin/20210402/glibc/build/libc_pic.a(memset-avx512-no-vzeroupper.os)
                0x0000000000000770                __memset_chk_avx512_no_vzeroupper
                0x0000000000000780                __memset_avx512_no_vzeroupper
 .text.avx512   0x00000000000009f0      0x593 /home/cgmin/20210402/glibc/build/libc_pic.a(memmove-avx512-unaligned-erms.os)
                0x00000000000009f0                __mempcpy_chk_avx512_unaligned
                0x0000000000000a00                __mempcpy_avx512_unaligned
                0x0000000000000a10                __memcpy_chk_avx512_unaligned
                0x0000000000000a10                __memmove_chk_avx512_unaligned
                0x0000000000000a20                __memmove_avx512_unaligned
                0x0000000000000a20                __memcpy_avx512_unaligned
                0x0000000000000a60                __mempcpy_chk_avx512_unaligned_erms
                0x0000000000000a70                __mempcpy_avx512_unaligned_erms
                0x0000000000000a80                __memcpy_chk_avx512_unaligned_erms
                0x0000000000000a80                __memmove_chk_avx512_unaligned_erms
                0x0000000000000a90                __memmove_avx512_unaligned_erms
                0x0000000000000a90                __memcpy_avx512_unaligned_erms
 *fill*         0x0000000000000f83        0xd 
 .text.avx512   0x0000000000000f90      0x201 /home/cgmin/20210402/glibc/build/libc_pic.a(memset-avx512-unaligned-erms.os)
                0x0000000000000f90                __wmemset_chk_avx512_unaligned
                0x0000000000000fa0                __wmemset_avx512_unaligned
                0x0000000000000fc0                __memset_chk_avx512_unaligned
                0x0000000000000fd0                __memset_avx512_unaligned
                0x0000000000001010                __memset_avx512_erms
                0x0000000000001030                __memset_chk_avx512_unaligned_erms
                0x0000000000001040                __memset_avx512_unaligned_erms

.text.atom      0x0000000000000000     0x1a83
 .text.atom     0x0000000000000000      0x315 /home/cgmin/20210402/glibc/build/libc_pic.a(strchr-sse2-no-bsf.os)
                0x0000000000000000                __strchr_sse2_no_bsf
 *fill*         0x0000000000000315        0xb 
 .text.atom     0x0000000000000320     0x1763 /home/cgmin/20210402/glibc/build/libc_pic.a(memcmp-ssse3.os)
                0x0000000000000320                __memcmp_ssse3

.text.compat    0x0000000000000000       0xff
 .text.compat   0x0000000000000000       0xff /home/cgmin/20210402/glibc/build/libc_pic.a(forward.os)
                0x0000000000000000                pthread_cond_broadcast@GLIBC_2.2.5
                0x0000000000000000                __pthread_cond_broadcast_2_0
                0x0000000000000030                __pthread_cond_signal_2_0
                0x0000000000000030                pthread_cond_signal@GLIBC_2.2.5
                0x0000000000000060                pthread_cond_wait@GLIBC_2.2.5
                0x0000000000000060                __pthread_cond_wait_2_0
                0x0000000000000090                pthread_cond_timedwait@GLIBC_2.2.5
                0x0000000000000090                __pthread_cond_timedwait_2_0
                0x00000000000000c0                __pthread_unwind

.fini
 *(SORT(.fini))

.rodata         0x0000000000000000     0x1654
 *(.rodata)
 .rodata        0x0000000000000000     0x1475 /home/cgmin/20210402/glibc/build/elf/dl-allobjs.os
 *fill*         0x0000000000001475        0x3 
 .rodata        0x0000000000001478       0x40 /home/cgmin/20210402/glibc/build/libc_pic.a(strcmp-sse2.os)
 .rodata        0x00000000000014b8       0x40 /home/cgmin/20210402/glibc/build/libc_pic.a(strcmp-ssse3.os)
 .rodata        0x00000000000014f8       0x40 /home/cgmin/20210402/glibc/build/libc_pic.a(strncmp-sse2.os)
 .rodata        0x0000000000001538       0x40 /home/cgmin/20210402/glibc/build/libc_pic.a(strncmp-ssse3.os)
 .rodata        0x0000000000001578       0x80 /home/cgmin/20210402/glibc/build/libc_pic.a(stpcpy-sse2-unaligned.os)
 *fill*         0x00000000000015f8        0x8 
 .rodata        0x0000000000001600       0x1f /home/cgmin/20210402/glibc/build/libc_pic.a(varshift.os)
                0x0000000000001600                ___m128i_shift_right
 *fill*         0x000000000000161f        0x1 
 .rodata        0x0000000000001620       0x34 /home/cgmin/20210402/glibc/build/libc_pic.a(cacheinfo.os)

.rodata.str1.1  0x0000000000000000     0x17ce
 .rodata.str1.1
                0x0000000000000000     0x1795 /home/cgmin/20210402/glibc/build/elf/dl-allobjs.os
 .rodata.str1.1
                0x0000000000001795       0x14 /home/cgmin/20210402/glibc/build/libc_pic.a(check_fds.os)
 .rodata.str1.1
                0x00000000000017a9        0x1 /home/cgmin/20210402/glibc/build/libc_pic.a(fstat64.os)
 .rodata.str1.1
                0x00000000000017aa       0x24 /home/cgmin/20210402/glibc/build/libc_pic.a(cxa_atexit.os)

.rodata.str1.8  0x0000000000000000     0x2f9d
 .rodata.str1.8
                0x0000000000000000     0x2f19 /home/cgmin/20210402/glibc/build/elf/dl-allobjs.os
 *fill*         0x0000000000002f19        0x7 
 .rodata.str1.8
                0x0000000000002f20       0x37 /home/cgmin/20210402/glibc/build/libc_pic.a(libc-lowlevellock.os)
 *fill*         0x0000000000002f57        0x1 
 .rodata.str1.8
                0x0000000000002f58       0x37 /home/cgmin/20210402/glibc/build/libc_pic.a(libc-cancellation.os)
 *fill*         0x0000000000002f8f        0x1 
 .rodata.str1.8
                0x0000000000002f90        0xd /home/cgmin/20210402/glibc/build/libc_pic.a(cxa_atexit.os)

.rodata.str1.16
                0x0000000000000000      0x4a2
 .rodata.str1.16
                0x0000000000000000      0x48e /home/cgmin/20210402/glibc/build/elf/dl-allobjs.os
                0x00000000000003f0                __GI__itoa_lower_digits
                0x00000000000003f0                _itoa_lower_digits
                0x0000000000000470                _dl_hwcaps_subdirs
 *fill*         0x000000000000048e        0x2 
 .rodata.str1.16
                0x0000000000000490       0x12 /home/cgmin/20210402/glibc/build/libc_pic.a(cxa_atexit.os)

.rodata.cst16   0x0000000000000000       0x10
 .rodata.cst16  0x0000000000000000       0x10 /home/cgmin/20210402/glibc/build/elf/dl-allobjs.os

.rodata.cst4    0x0000000000000000        0x4
 .rodata.cst4   0x0000000000000000        0x4 /home/cgmin/20210402/glibc/build/elf/dl-allobjs.os

.rodata.str1.32
                0x0000000000000000       0x7b
 .rodata.str1.32
                0x0000000000000000       0x7b /home/cgmin/20210402/glibc/build/elf/dl-allobjs.os

.rodata.sse4.2  0x0000000000000000       0x40
 .rodata.sse4.2
                0x0000000000000000       0x40 /home/cgmin/20210402/glibc/build/libc_pic.a(strncmp-sse4_2.os)

.rodata.sse4.1  0x0000000000000000      0x140
 .rodata.sse4.1
                0x0000000000000000      0x140 /home/cgmin/20210402/glibc/build/libc_pic.a(memcmp-sse4.os)

.rodata.ssse3   0x0000000000000000      0xd80
 .rodata.ssse3  0x0000000000000000      0x1c0 /home/cgmin/20210402/glibc/build/libc_pic.a(memcpy-ssse3.os)
 .rodata.ssse3  0x00000000000001c0      0x1c0 /home/cgmin/20210402/glibc/build/libc_pic.a(memmove-ssse3.os)
 .rodata.ssse3  0x0000000000000380      0x500 /home/cgmin/20210402/glibc/build/libc_pic.a(memcpy-ssse3-back.os)
 .rodata.ssse3  0x0000000000000880      0x500 /home/cgmin/20210402/glibc/build/libc_pic.a(memmove-ssse3-back.os)

.rodata1
 *(.rodata1)

.eh_frame_hdr
 *(.eh_frame_hdr)

.eh_frame       0x0000000000000000     0x4cb0
 *(.eh_frame)
 .eh_frame      0x0000000000000000     0x3050 /home/cgmin/20210402/glibc/build/elf/dl-allobjs.os
 .eh_frame      0x0000000000003050       0x68 /home/cgmin/20210402/glibc/build/libc_pic.a(check_fds.os)
 .eh_frame      0x00000000000030b8       0x30 /home/cgmin/20210402/glibc/build/libc_pic.a(setjmp.os)
 .eh_frame      0x00000000000030e8       0x48 /home/cgmin/20210402/glibc/build/libc_pic.a(__longjmp.os)
 .eh_frame      0x0000000000003130       0x30 /home/cgmin/20210402/glibc/build/libc_pic.a(libc-lowlevellock.os)
 .eh_frame      0x0000000000003160       0x58 /home/cgmin/20210402/glibc/build/libc_pic.a(scratch_buffer_set_array_size.os)
 .eh_frame      0x00000000000031b8       0x30 /home/cgmin/20210402/glibc/build/libc_pic.a(strchr.os)
 .eh_frame      0x00000000000031e8       0x30 /home/cgmin/20210402/glibc/build/libc_pic.a(strcmp.os)
 .eh_frame      0x0000000000003218       0x30 /home/cgmin/20210402/glibc/build/libc_pic.a(strcspn.os)
 .eh_frame      0x0000000000003248       0x50 /home/cgmin/20210402/glibc/build/libc_pic.a(strdup.os)
 .eh_frame      0x0000000000003298       0x30 /home/cgmin/20210402/glibc/build/libc_pic.a(strlen.os)
 .eh_frame      0x00000000000032c8       0x30 /home/cgmin/20210402/glibc/build/libc_pic.a(strnlen.os)
 .eh_frame      0x00000000000032f8       0x30 /home/cgmin/20210402/glibc/build/libc_pic.a(strncmp.os)
 .eh_frame      0x0000000000003328       0x30 /home/cgmin/20210402/glibc/build/libc_pic.a(memchr.os)
 .eh_frame      0x0000000000003358       0x30 /home/cgmin/20210402/glibc/build/libc_pic.a(memcmp.os)
 .eh_frame      0x0000000000003388       0x30 /home/cgmin/20210402/glibc/build/libc_pic.a(memmove.os)
 .eh_frame      0x00000000000033b8       0x30 /home/cgmin/20210402/glibc/build/libc_pic.a(memset.os)
 .eh_frame      0x00000000000033e8       0x30 /home/cgmin/20210402/glibc/build/libc_pic.a(mempcpy.os)
 .eh_frame      0x0000000000003418       0x30 /home/cgmin/20210402/glibc/build/libc_pic.a(stpcpy.os)
 .eh_frame      0x0000000000003448       0x30 /home/cgmin/20210402/glibc/build/libc_pic.a(memcpy.os)
 .eh_frame      0x0000000000003478       0x30 /home/cgmin/20210402/glibc/build/libc_pic.a(rawmemchr.os)
 .eh_frame      0x00000000000034a8       0x30 /home/cgmin/20210402/glibc/build/libc_pic.a(strcmp-sse2.os)
 .eh_frame      0x00000000000034d8       0x30 /home/cgmin/20210402/glibc/build/libc_pic.a(strcmp-sse2-unaligned.os)
 .eh_frame      0x0000000000003508       0x30 /home/cgmin/20210402/glibc/build/libc_pic.a(strcmp-ssse3.os)
 .eh_frame      0x0000000000003538       0x30 /home/cgmin/20210402/glibc/build/libc_pic.a(strcmp-avx2.os)
 .eh_frame      0x0000000000003568       0x30 /home/cgmin/20210402/glibc/build/libc_pic.a(strncmp-sse2.os)
 .eh_frame      0x0000000000003598       0x30 /home/cgmin/20210402/glibc/build/libc_pic.a(strncmp-ssse3.os)
 .eh_frame      0x00000000000035c8       0x30 /home/cgmin/20210402/glibc/build/libc_pic.a(strncmp-sse4_2.os)
 .eh_frame      0x00000000000035f8       0x30 /home/cgmin/20210402/glibc/build/libc_pic.a(strncmp-avx2.os)
 .eh_frame      0x0000000000003628       0x30 /home/cgmin/20210402/glibc/build/libc_pic.a(memchr-sse2.os)
 .eh_frame      0x0000000000003658       0x30 /home/cgmin/20210402/glibc/build/libc_pic.a(rawmemchr-sse2.os)
 .eh_frame      0x0000000000003688       0x30 /home/cgmin/20210402/glibc/build/libc_pic.a(memchr-avx2.os)
 .eh_frame      0x00000000000036b8       0x30 /home/cgmin/20210402/glibc/build/libc_pic.a(rawmemchr-avx2.os)
 .eh_frame      0x00000000000036e8       0x30 /home/cgmin/20210402/glibc/build/libc_pic.a(memcmp-sse2.os)
 .eh_frame      0x0000000000003718       0x30 /home/cgmin/20210402/glibc/build/libc_pic.a(memcmp-avx2-movbe.os)
 .eh_frame      0x0000000000003748       0x30 /home/cgmin/20210402/glibc/build/libc_pic.a(memcmp-sse4.os)
 .eh_frame      0x0000000000003778       0x78 /home/cgmin/20210402/glibc/build/libc_pic.a(memcpy-ssse3.os)
                                         0x68 (size before relaxing)
 .eh_frame      0x00000000000037f0       0x48 /home/cgmin/20210402/glibc/build/libc_pic.a(memmove-ssse3.os)
                                         0x40 (size before relaxing)
 .eh_frame      0x0000000000003838       0x78 /home/cgmin/20210402/glibc/build/libc_pic.a(memcpy-ssse3-back.os)
                                         0x68 (size before relaxing)
 .eh_frame      0x00000000000038b0       0x48 /home/cgmin/20210402/glibc/build/libc_pic.a(memmove-ssse3-back.os)
                                         0x40 (size before relaxing)
 .eh_frame      0x00000000000038f8       0x78 /home/cgmin/20210402/glibc/build/libc_pic.a(memmove-avx512-no-vzeroupper.os)
                                         0x68 (size before relaxing)
 .eh_frame      0x0000000000003970       0x30 /home/cgmin/20210402/glibc/build/libc_pic.a(strchr-sse2.os)
 .eh_frame      0x00000000000039a0       0x30 /home/cgmin/20210402/glibc/build/libc_pic.a(strchr-avx2.os)
 .eh_frame      0x00000000000039d0       0x30 /home/cgmin/20210402/glibc/build/libc_pic.a(strlen-sse2.os)
 .eh_frame      0x0000000000003a00       0x30 /home/cgmin/20210402/glibc/build/libc_pic.a(strnlen-sse2.os)
 .eh_frame      0x0000000000003a30       0x30 /home/cgmin/20210402/glibc/build/libc_pic.a(strlen-avx2.os)
 .eh_frame      0x0000000000003a60       0x30 /home/cgmin/20210402/glibc/build/libc_pic.a(strnlen-avx2.os)
 .eh_frame      0x0000000000003a90       0x30 /home/cgmin/20210402/glibc/build/libc_pic.a(stpcpy-sse2.os)
 .eh_frame      0x0000000000003ac0       0x30 /home/cgmin/20210402/glibc/build/libc_pic.a(stpcpy-ssse3.os)
 .eh_frame      0x0000000000003af0       0x30 /home/cgmin/20210402/glibc/build/libc_pic.a(stpcpy-sse2-unaligned.os)
 .eh_frame      0x0000000000003b20       0x30 /home/cgmin/20210402/glibc/build/libc_pic.a(stpcpy-avx2.os)
 .eh_frame      0x0000000000003b50       0x30 /home/cgmin/20210402/glibc/build/libc_pic.a(strchr-sse2-no-bsf.os)
 .eh_frame      0x0000000000003b80       0x30 /home/cgmin/20210402/glibc/build/libc_pic.a(memcmp-ssse3.os)
 .eh_frame      0x0000000000003bb0       0x38 /home/cgmin/20210402/glibc/build/libc_pic.a(strcspn-sse2.os)
 .eh_frame      0x0000000000003be8       0x30 /home/cgmin/20210402/glibc/build/libc_pic.a(strcspn-c.os)
 .eh_frame      0x0000000000003c18       0x48 /home/cgmin/20210402/glibc/build/libc_pic.a(memset-avx512-no-vzeroupper.os)
                                         0x40 (size before relaxing)
 .eh_frame      0x0000000000003c60      0x138 /home/cgmin/20210402/glibc/build/libc_pic.a(memmove-sse2-unaligned-erms.os)
                                        0x108 (size before relaxing)
 .eh_frame      0x0000000000003d98       0xd8 /home/cgmin/20210402/glibc/build/libc_pic.a(memmove-avx-unaligned-erms.os)
                                         0xb8 (size before relaxing)
 .eh_frame      0x0000000000003e70       0xd8 /home/cgmin/20210402/glibc/build/libc_pic.a(memmove-avx512-unaligned-erms.os)
                                         0xb8 (size before relaxing)
 .eh_frame      0x0000000000003f48       0xf0 /home/cgmin/20210402/glibc/build/libc_pic.a(memset-sse2-unaligned-erms.os)
                                         0xd0 (size before relaxing)
 .eh_frame      0x0000000000004038       0xc0 /home/cgmin/20210402/glibc/build/libc_pic.a(memset-avx2-unaligned-erms.os)
                                         0xa8 (size before relaxing)
 .eh_frame      0x00000000000040f8       0xc0 /home/cgmin/20210402/glibc/build/libc_pic.a(memset-avx512-unaligned-erms.os)
                                         0xa8 (size before relaxing)
 .eh_frame      0x00000000000041b8       0x48 /home/cgmin/20210402/glibc/build/libc_pic.a(cacheinfo.os)
                                         0x40 (size before relaxing)
 .eh_frame      0x0000000000004200       0x38 /home/cgmin/20210402/glibc/build/libc_pic.a(closedir.os)
 .eh_frame      0x0000000000004238       0x48 /home/cgmin/20210402/glibc/build/libc_pic.a(rewinddir.os)
 .eh_frame      0x0000000000004280       0x58 /home/cgmin/20210402/glibc/build/libc_pic.a(readdir64.os)
 .eh_frame      0x00000000000042d8       0x50 /home/cgmin/20210402/glibc/build/libc_pic.a(fdopendir.os)
 .eh_frame      0x0000000000004328       0x30 /home/cgmin/20210402/glibc/build/libc_pic.a(uname.os)
 .eh_frame      0x0000000000004358       0x30 /home/cgmin/20210402/glibc/build/libc_pic.a(_exit.os)
 .eh_frame      0x0000000000004388       0x30 /home/cgmin/20210402/glibc/build/libc_pic.a(getpid.os)
 .eh_frame      0x00000000000043b8       0x30 /home/cgmin/20210402/glibc/build/libc_pic.a(stat64.os)
 .eh_frame      0x00000000000043e8       0x30 /home/cgmin/20210402/glibc/build/libc_pic.a(fstat64.os)
 .eh_frame      0x0000000000004418       0x30 /home/cgmin/20210402/glibc/build/libc_pic.a(lstat64.os)
 .eh_frame      0x0000000000004448       0x30 /home/cgmin/20210402/glibc/build/libc_pic.a(fstatat64.os)
 .eh_frame      0x0000000000004478       0x40 /home/cgmin/20210402/glibc/build/libc_pic.a(openat64.os)
 .eh_frame      0x00000000000044b8       0x30 /home/cgmin/20210402/glibc/build/libc_pic.a(lseek64.os)
 .eh_frame      0x00000000000044e8       0x30 /home/cgmin/20210402/glibc/build/libc_pic.a(access.os)
 .eh_frame      0x0000000000004518       0x30 /home/cgmin/20210402/glibc/build/libc_pic.a(close_nocancel.os)
 .eh_frame      0x0000000000004548       0x48 /home/cgmin/20210402/glibc/build/libc_pic.a(fcntl_nocancel.os)
 .eh_frame      0x0000000000004590       0x30 /home/cgmin/20210402/glibc/build/libc_pic.a(open64_nocancel.os)
 .eh_frame      0x00000000000045c0       0x30 /home/cgmin/20210402/glibc/build/libc_pic.a(read_nocancel.os)
 .eh_frame      0x00000000000045f0       0x30 /home/cgmin/20210402/glibc/build/libc_pic.a(pread64_nocancel.os)
 .eh_frame      0x0000000000004620       0x30 /home/cgmin/20210402/glibc/build/libc_pic.a(write_nocancel.os)
 .eh_frame      0x0000000000004650       0x48 /home/cgmin/20210402/glibc/build/libc_pic.a(mmap64.os)
 .eh_frame      0x0000000000004698       0x30 /home/cgmin/20210402/glibc/build/libc_pic.a(munmap.os)
 .eh_frame      0x00000000000046c8       0x30 /home/cgmin/20210402/glibc/build/libc_pic.a(mprotect.os)
 .eh_frame      0x00000000000046f8       0x80 /home/cgmin/20210402/glibc/build/libc_pic.a(profil.os)
 .eh_frame      0x0000000000004778       0x30 /home/cgmin/20210402/glibc/build/libc_pic.a(prof-freq.os)
 .eh_frame      0x00000000000047a8       0x30 /home/cgmin/20210402/glibc/build/libc_pic.a(dl-addr-obj.os)
 .eh_frame      0x00000000000047d8       0xe8 /home/cgmin/20210402/glibc/build/libc_pic.a(sigaction.os)
 .eh_frame      0x00000000000048c0       0x58 /home/cgmin/20210402/glibc/build/libc_pic.a(libc-cancellation.os)
 .eh_frame      0x0000000000004918       0x30 /home/cgmin/20210402/glibc/build/libc_pic.a(setitimer.os)
 .eh_frame      0x0000000000004948       0x30 /home/cgmin/20210402/glibc/build/libc_pic.a(getdents64.os)
 .eh_frame      0x0000000000004978      0x198 /home/cgmin/20210402/glibc/build/libc_pic.a(forward.os)
                                        0x158 (size before relaxing)
 .eh_frame      0x0000000000004b10       0x68 /home/cgmin/20210402/glibc/build/libc_pic.a(exit.os)
                                         0x60 (size before relaxing)
 .eh_frame      0x0000000000004b78       0xb8 /home/cgmin/20210402/glibc/build/libc_pic.a(cxa_atexit.os)
                                         0xb0 (size before relaxing)
 .eh_frame      0x0000000000004c30       0x80 /home/cgmin/20210402/glibc/build/libc_pic.a(cxa_thread_atexit_impl.os)

.gcc_except_table
 *(.gcc_except_table .gcc_except_table.*)

.gnu_extab
 *(.gnu_extab*)

.exception_ranges
 *(.exception_ranges .exception_ranges*)

.eh_frame
 *(.eh_frame)

.gnu_extab
 *(.gnu_extab)

.gcc_except_table
 *(.gcc_except_table .gcc_except_table.*)

.exception_ranges
 *(.exception_ranges .exception_ranges*)

.tdata
 *(.tdata)

.tbss           0x0000000000000000       0x18
 *(.tbss)
 .tbss          0x0000000000000000        0x4 /home/cgmin/20210402/glibc/build/libc_pic.a(errno.os)
                0x0000000000000000                errno
                0x0000000000000000                __libc_errno
 *fill*         0x0000000000000004        0x4 
 .tbss          0x0000000000000008       0x10 /home/cgmin/20210402/glibc/build/libc_pic.a(cxa_thread_atexit_impl.os)

.preinit_array
 *(.preinit_array)

.jcr
 *(.jcr)

.dynamic
 *(.dynamic)

.got
 *(.got)
 *(.igot)

.got.plt
 *(.got.plt)
 *(.igot.plt)

.data           0x0000000000000000     0x1088
 *(.data)
 .data          0x0000000000000000     0x1038 /home/cgmin/20210402/glibc/build/elf/dl-allobjs.os
                0x0000000000000000                _rtld_global
                0x0000000000000000                _rtld_local
 .data          0x0000000000001038        0x0 /home/cgmin/20210402/glibc/build/libc_pic.a(check_fds.os)
 .data          0x0000000000001038        0x0 /home/cgmin/20210402/glibc/build/libc_pic.a(errno.os)
 .data          0x0000000000001038        0x0 /home/cgmin/20210402/glibc/build/libc_pic.a(setjmp.os)
 .data          0x0000000000001038        0x0 /home/cgmin/20210402/glibc/build/libc_pic.a(__longjmp.os)
 .data          0x0000000000001038        0x0 /home/cgmin/20210402/glibc/build/libc_pic.a(libc-lowlevellock.os)
 .data          0x0000000000001038        0x0 /home/cgmin/20210402/glibc/build/libc_pic.a(scratch_buffer_set_array_size.os)
 .data          0x0000000000001038        0x0 /home/cgmin/20210402/glibc/build/libc_pic.a(strchr.os)
 .data          0x0000000000001038        0x0 /home/cgmin/20210402/glibc/build/libc_pic.a(strcmp.os)
 .data          0x0000000000001038        0x0 /home/cgmin/20210402/glibc/build/libc_pic.a(strcspn.os)
 .data          0x0000000000001038        0x0 /home/cgmin/20210402/glibc/build/libc_pic.a(strdup.os)
 .data          0x0000000000001038        0x0 /home/cgmin/20210402/glibc/build/libc_pic.a(strlen.os)
 .data          0x0000000000001038        0x0 /home/cgmin/20210402/glibc/build/libc_pic.a(strnlen.os)
 .data          0x0000000000001038        0x0 /home/cgmin/20210402/glibc/build/libc_pic.a(strncmp.os)
 .data          0x0000000000001038        0x0 /home/cgmin/20210402/glibc/build/libc_pic.a(memchr.os)
 .data          0x0000000000001038        0x0 /home/cgmin/20210402/glibc/build/libc_pic.a(memcmp.os)
 .data          0x0000000000001038        0x0 /home/cgmin/20210402/glibc/build/libc_pic.a(memmove.os)
 .data          0x0000000000001038        0x0 /home/cgmin/20210402/glibc/build/libc_pic.a(memset.os)
 .data          0x0000000000001038        0x0 /home/cgmin/20210402/glibc/build/libc_pic.a(mempcpy.os)
 .data          0x0000000000001038        0x0 /home/cgmin/20210402/glibc/build/libc_pic.a(stpcpy.os)
 .data          0x0000000000001038        0x0 /home/cgmin/20210402/glibc/build/libc_pic.a(memcpy.os)
 .data          0x0000000000001038        0x0 /home/cgmin/20210402/glibc/build/libc_pic.a(rawmemchr.os)
 .data          0x0000000000001038        0x0 /home/cgmin/20210402/glibc/build/libc_pic.a(strcmp-sse2.os)
 .data          0x0000000000001038        0x0 /home/cgmin/20210402/glibc/build/libc_pic.a(strcmp-sse2-unaligned.os)
 .data          0x0000000000001038        0x0 /home/cgmin/20210402/glibc/build/libc_pic.a(strcmp-ssse3.os)
 .data          0x0000000000001038        0x0 /home/cgmin/20210402/glibc/build/libc_pic.a(strcmp-avx2.os)
 .data          0x0000000000001038        0x0 /home/cgmin/20210402/glibc/build/libc_pic.a(strncmp-sse2.os)
 .data          0x0000000000001038        0x0 /home/cgmin/20210402/glibc/build/libc_pic.a(strncmp-ssse3.os)
 .data          0x0000000000001038        0x0 /home/cgmin/20210402/glibc/build/libc_pic.a(strncmp-sse4_2.os)
 .data          0x0000000000001038        0x0 /home/cgmin/20210402/glibc/build/libc_pic.a(strncmp-avx2.os)
 .data          0x0000000000001038        0x0 /home/cgmin/20210402/glibc/build/libc_pic.a(memchr-sse2.os)
 .data          0x0000000000001038        0x0 /home/cgmin/20210402/glibc/build/libc_pic.a(rawmemchr-sse2.os)
 .data          0x0000000000001038        0x0 /home/cgmin/20210402/glibc/build/libc_pic.a(memchr-avx2.os)
 .data          0x0000000000001038        0x0 /home/cgmin/20210402/glibc/build/libc_pic.a(rawmemchr-avx2.os)
 .data          0x0000000000001038        0x0 /home/cgmin/20210402/glibc/build/libc_pic.a(memcmp-sse2.os)
 .data          0x0000000000001038        0x0 /home/cgmin/20210402/glibc/build/libc_pic.a(memcmp-avx2-movbe.os)
 .data          0x0000000000001038        0x0 /home/cgmin/20210402/glibc/build/libc_pic.a(memcmp-sse4.os)
 .data          0x0000000000001038        0x0 /home/cgmin/20210402/glibc/build/libc_pic.a(memcpy-ssse3.os)
 .data          0x0000000000001038        0x0 /home/cgmin/20210402/glibc/build/libc_pic.a(memmove-ssse3.os)
 .data          0x0000000000001038        0x0 /home/cgmin/20210402/glibc/build/libc_pic.a(memcpy-ssse3-back.os)
 .data          0x0000000000001038        0x0 /home/cgmin/20210402/glibc/build/libc_pic.a(memmove-ssse3-back.os)
 .data          0x0000000000001038        0x0 /home/cgmin/20210402/glibc/build/libc_pic.a(memmove-avx512-no-vzeroupper.os)
 .data          0x0000000000001038        0x0 /home/cgmin/20210402/glibc/build/libc_pic.a(strchr-sse2.os)
 .data          0x0000000000001038        0x0 /home/cgmin/20210402/glibc/build/libc_pic.a(strchr-avx2.os)
 .data          0x0000000000001038        0x0 /home/cgmin/20210402/glibc/build/libc_pic.a(strlen-sse2.os)
 .data          0x0000000000001038        0x0 /home/cgmin/20210402/glibc/build/libc_pic.a(strnlen-sse2.os)
 .data          0x0000000000001038        0x0 /home/cgmin/20210402/glibc/build/libc_pic.a(strlen-avx2.os)
 .data          0x0000000000001038        0x0 /home/cgmin/20210402/glibc/build/libc_pic.a(strnlen-avx2.os)
 .data          0x0000000000001038        0x0 /home/cgmin/20210402/glibc/build/libc_pic.a(stpcpy-sse2.os)
 .data          0x0000000000001038        0x0 /home/cgmin/20210402/glibc/build/libc_pic.a(stpcpy-ssse3.os)
 .data          0x0000000000001038        0x0 /home/cgmin/20210402/glibc/build/libc_pic.a(stpcpy-sse2-unaligned.os)
 .data          0x0000000000001038        0x0 /home/cgmin/20210402/glibc/build/libc_pic.a(stpcpy-avx2.os)
 .data          0x0000000000001038        0x0 /home/cgmin/20210402/glibc/build/libc_pic.a(strchr-sse2-no-bsf.os)
 .data          0x0000000000001038        0x0 /home/cgmin/20210402/glibc/build/libc_pic.a(memcmp-ssse3.os)
 .data          0x0000000000001038        0x0 /home/cgmin/20210402/glibc/build/libc_pic.a(strcspn-sse2.os)
 .data          0x0000000000001038        0x0 /home/cgmin/20210402/glibc/build/libc_pic.a(strcspn-c.os)
 .data          0x0000000000001038        0x0 /home/cgmin/20210402/glibc/build/libc_pic.a(varshift.os)
 .data          0x0000000000001038        0x0 /home/cgmin/20210402/glibc/build/libc_pic.a(memset-avx512-no-vzeroupper.os)
 .data          0x0000000000001038        0x0 /home/cgmin/20210402/glibc/build/libc_pic.a(memmove-sse2-unaligned-erms.os)
 .data          0x0000000000001038        0x0 /home/cgmin/20210402/glibc/build/libc_pic.a(memmove-avx-unaligned-erms.os)
 .data          0x0000000000001038        0x0 /home/cgmin/20210402/glibc/build/libc_pic.a(memmove-avx512-unaligned-erms.os)
 .data          0x0000000000001038        0x0 /home/cgmin/20210402/glibc/build/libc_pic.a(memset-sse2-unaligned-erms.os)
 .data          0x0000000000001038        0x0 /home/cgmin/20210402/glibc/build/libc_pic.a(memset-avx2-unaligned-erms.os)
 .data          0x0000000000001038        0x0 /home/cgmin/20210402/glibc/build/libc_pic.a(memset-avx512-unaligned-erms.os)
 .data          0x0000000000001038       0x50 /home/cgmin/20210402/glibc/build/libc_pic.a(cacheinfo.os)
                0x0000000000001038                __x86_rep_stosb_threshold
                0x0000000000001040                __x86_rep_movsb_threshold
                0x0000000000001048                __x86_raw_shared_cache_size
                0x0000000000001050                __x86_raw_shared_cache_size_half
                0x0000000000001058                __x86_shared_cache_size
                0x0000000000001060                __x86_shared_cache_size_half
                0x0000000000001068                __x86_raw_data_cache_size
                0x0000000000001070                __x86_raw_data_cache_size_half
                0x0000000000001078                __x86_data_cache_size
                0x0000000000001080                __x86_data_cache_size_half
 .data          0x0000000000001088        0x0 /home/cgmin/20210402/glibc/build/libc_pic.a(closedir.os)
 .data          0x0000000000001088        0x0 /home/cgmin/20210402/glibc/build/libc_pic.a(rewinddir.os)
 .data          0x0000000000001088        0x0 /home/cgmin/20210402/glibc/build/libc_pic.a(readdir64.os)
 .data          0x0000000000001088        0x0 /home/cgmin/20210402/glibc/build/libc_pic.a(fdopendir.os)
 .data          0x0000000000001088        0x0 /home/cgmin/20210402/glibc/build/libc_pic.a(uname.os)
 .data          0x0000000000001088        0x0 /home/cgmin/20210402/glibc/build/libc_pic.a(_exit.os)
 .data          0x0000000000001088        0x0 /home/cgmin/20210402/glibc/build/libc_pic.a(getpid.os)
 .data          0x0000000000001088        0x0 /home/cgmin/20210402/glibc/build/libc_pic.a(environ.os)
 .data          0x0000000000001088        0x0 /home/cgmin/20210402/glibc/build/libc_pic.a(stat64.os)
 .data          0x0000000000001088        0x0 /home/cgmin/20210402/glibc/build/libc_pic.a(fstat64.os)
 .data          0x0000000000001088        0x0 /home/cgmin/20210402/glibc/build/libc_pic.a(lstat64.os)
 .data          0x0000000000001088        0x0 /home/cgmin/20210402/glibc/build/libc_pic.a(fstatat64.os)
 .data          0x0000000000001088        0x0 /home/cgmin/20210402/glibc/build/libc_pic.a(openat64.os)
 .data          0x0000000000001088        0x0 /home/cgmin/20210402/glibc/build/libc_pic.a(lseek64.os)
 .data          0x0000000000001088        0x0 /home/cgmin/20210402/glibc/build/libc_pic.a(access.os)
 .data          0x0000000000001088        0x0 /home/cgmin/20210402/glibc/build/libc_pic.a(close_nocancel.os)
 .data          0x0000000000001088        0x0 /home/cgmin/20210402/glibc/build/libc_pic.a(fcntl_nocancel.os)
 .data          0x0000000000001088        0x0 /home/cgmin/20210402/glibc/build/libc_pic.a(open64_nocancel.os)
 .data          0x0000000000001088        0x0 /home/cgmin/20210402/glibc/build/libc_pic.a(read_nocancel.os)
 .data          0x0000000000001088        0x0 /home/cgmin/20210402/glibc/build/libc_pic.a(pread64_nocancel.os)
 .data          0x0000000000001088        0x0 /home/cgmin/20210402/glibc/build/libc_pic.a(write_nocancel.os)
 .data          0x0000000000001088        0x0 /home/cgmin/20210402/glibc/build/libc_pic.a(mmap64.os)
 .data          0x0000000000001088        0x0 /home/cgmin/20210402/glibc/build/libc_pic.a(munmap.os)
 .data          0x0000000000001088        0x0 /home/cgmin/20210402/glibc/build/libc_pic.a(mprotect.os)
 .data          0x0000000000001088        0x0 /home/cgmin/20210402/glibc/build/libc_pic.a(profil.os)
 .data          0x0000000000001088        0x0 /home/cgmin/20210402/glibc/build/libc_pic.a(prof-freq.os)
 .data          0x0000000000001088        0x0 /home/cgmin/20210402/glibc/build/libc_pic.a(dl-addr-obj.os)
 .data          0x0000000000001088        0x0 /home/cgmin/20210402/glibc/build/libc_pic.a(sigaction.os)
 .data          0x0000000000001088        0x0 /home/cgmin/20210402/glibc/build/libc_pic.a(libc-cancellation.os)
 .data          0x0000000000001088        0x0 /home/cgmin/20210402/glibc/build/libc_pic.a(setitimer.os)
 .data          0x0000000000001088        0x0 /home/cgmin/20210402/glibc/build/libc_pic.a(getdents64.os)
 .data          0x0000000000001088        0x0 /home/cgmin/20210402/glibc/build/libc_pic.a(forward.os)
 .data          0x0000000000001088        0x0 /home/cgmin/20210402/glibc/build/libc_pic.a(exit.os)
 .data          0x0000000000001088        0x0 /home/cgmin/20210402/glibc/build/libc_pic.a(cxa_atexit.os)
 .data          0x0000000000001088        0x0 /home/cgmin/20210402/glibc/build/libc_pic.a(cxa_thread_atexit_impl.os)

.data.rel.ro    0x0000000000000000     0x1218
 .data.rel.ro   0x0000000000000000     0x1210 /home/cgmin/20210402/glibc/build/elf/dl-allobjs.os
                0x0000000000000090                __pointer_chk_guard_local
                0x0000000000000098                _dl_skip_args
                0x00000000000000a0                __GI__dl_argv
                0x00000000000000a0                _dl_argv
                0x00000000000000a8                _dl_argc
                0x00000000000000c0                _rtld_global_ro
                0x00000000000000c0                _rtld_local_ro
                0x00000000000003f0                __rtld_search_dirs
                0x0000000000000420                __rtld_env_path_list
                0x0000000000000430                __stack_prot
                0x00000000000011d0                __x86_cpu_features_p
                0x00000000000011d8                _dl_random
                0x00000000000011e0                __libc_stack_end
                0x00000000000011e0                __GI___libc_stack_end
                0x00000000000011e8                __GI___libc_enable_secure
                0x00000000000011e8                __libc_enable_secure
                0x00000000000011f0                __rtld_realloc
                0x00000000000011f8                __rtld_malloc
                0x0000000000001200                __rtld_free
                0x0000000000001208                __rtld_calloc
 .data.rel.ro   0x0000000000001210        0x8 /home/cgmin/20210402/glibc/build/libc_pic.a(cacheinfo.os)
                0x0000000000001210                __x86_cacheinfo_p

.data.rel.local
                0x0000000000000000        0x8
 .data.rel.local
                0x0000000000000000        0x8 /home/cgmin/20210402/glibc/build/libc_pic.a(cxa_atexit.os)
                0x0000000000000000                __exit_funcs

.data1
 *(.data1)

.bss            0x0000000000000000      0x650
 *(.dynbss)
 *(.bss)
 .bss           0x0000000000000000      0x120 /home/cgmin/20210402/glibc/build/elf/dl-allobjs.os
                0x0000000000000118                __curbrk
 .bss           0x0000000000000120        0x0 /home/cgmin/20210402/glibc/build/libc_pic.a(check_fds.os)
 .bss           0x0000000000000120        0x0 /home/cgmin/20210402/glibc/build/libc_pic.a(errno.os)
 .bss           0x0000000000000120        0x0 /home/cgmin/20210402/glibc/build/libc_pic.a(setjmp.os)
 .bss           0x0000000000000120        0x0 /home/cgmin/20210402/glibc/build/libc_pic.a(__longjmp.os)
 .bss           0x0000000000000120        0x0 /home/cgmin/20210402/glibc/build/libc_pic.a(libc-lowlevellock.os)
 .bss           0x0000000000000120        0x0 /home/cgmin/20210402/glibc/build/libc_pic.a(scratch_buffer_set_array_size.os)
 .bss           0x0000000000000120        0x0 /home/cgmin/20210402/glibc/build/libc_pic.a(strchr.os)
 .bss           0x0000000000000120        0x0 /home/cgmin/20210402/glibc/build/libc_pic.a(strcmp.os)
 .bss           0x0000000000000120        0x0 /home/cgmin/20210402/glibc/build/libc_pic.a(strcspn.os)
 .bss           0x0000000000000120        0x0 /home/cgmin/20210402/glibc/build/libc_pic.a(strdup.os)
 .bss           0x0000000000000120        0x0 /home/cgmin/20210402/glibc/build/libc_pic.a(strlen.os)
 .bss           0x0000000000000120        0x0 /home/cgmin/20210402/glibc/build/libc_pic.a(strnlen.os)
 .bss           0x0000000000000120        0x0 /home/cgmin/20210402/glibc/build/libc_pic.a(strncmp.os)
 .bss           0x0000000000000120        0x0 /home/cgmin/20210402/glibc/build/libc_pic.a(memchr.os)
 .bss           0x0000000000000120        0x0 /home/cgmin/20210402/glibc/build/libc_pic.a(memcmp.os)
 .bss           0x0000000000000120        0x0 /home/cgmin/20210402/glibc/build/libc_pic.a(memmove.os)
 .bss           0x0000000000000120        0x0 /home/cgmin/20210402/glibc/build/libc_pic.a(memset.os)
 .bss           0x0000000000000120        0x0 /home/cgmin/20210402/glibc/build/libc_pic.a(mempcpy.os)
 .bss           0x0000000000000120        0x0 /home/cgmin/20210402/glibc/build/libc_pic.a(stpcpy.os)
 .bss           0x0000000000000120        0x0 /home/cgmin/20210402/glibc/build/libc_pic.a(memcpy.os)
 .bss           0x0000000000000120        0x0 /home/cgmin/20210402/glibc/build/libc_pic.a(rawmemchr.os)
 .bss           0x0000000000000120        0x0 /home/cgmin/20210402/glibc/build/libc_pic.a(strcmp-sse2.os)
 .bss           0x0000000000000120        0x0 /home/cgmin/20210402/glibc/build/libc_pic.a(strcmp-sse2-unaligned.os)
 .bss           0x0000000000000120        0x0 /home/cgmin/20210402/glibc/build/libc_pic.a(strcmp-ssse3.os)
 .bss           0x0000000000000120        0x0 /home/cgmin/20210402/glibc/build/libc_pic.a(strcmp-avx2.os)
 .bss           0x0000000000000120        0x0 /home/cgmin/20210402/glibc/build/libc_pic.a(strncmp-sse2.os)
 .bss           0x0000000000000120        0x0 /home/cgmin/20210402/glibc/build/libc_pic.a(strncmp-ssse3.os)
 .bss           0x0000000000000120        0x0 /home/cgmin/20210402/glibc/build/libc_pic.a(strncmp-sse4_2.os)
 .bss           0x0000000000000120        0x0 /home/cgmin/20210402/glibc/build/libc_pic.a(strncmp-avx2.os)
 .bss           0x0000000000000120        0x0 /home/cgmin/20210402/glibc/build/libc_pic.a(memchr-sse2.os)
 .bss           0x0000000000000120        0x0 /home/cgmin/20210402/glibc/build/libc_pic.a(rawmemchr-sse2.os)
 .bss           0x0000000000000120        0x0 /home/cgmin/20210402/glibc/build/libc_pic.a(memchr-avx2.os)
 .bss           0x0000000000000120        0x0 /home/cgmin/20210402/glibc/build/libc_pic.a(rawmemchr-avx2.os)
 .bss           0x0000000000000120        0x0 /home/cgmin/20210402/glibc/build/libc_pic.a(memcmp-sse2.os)
 .bss           0x0000000000000120        0x0 /home/cgmin/20210402/glibc/build/libc_pic.a(memcmp-avx2-movbe.os)
 .bss           0x0000000000000120        0x0 /home/cgmin/20210402/glibc/build/libc_pic.a(memcmp-sse4.os)
 .bss           0x0000000000000120        0x0 /home/cgmin/20210402/glibc/build/libc_pic.a(memcpy-ssse3.os)
 .bss           0x0000000000000120        0x0 /home/cgmin/20210402/glibc/build/libc_pic.a(memmove-ssse3.os)
 .bss           0x0000000000000120        0x0 /home/cgmin/20210402/glibc/build/libc_pic.a(memcpy-ssse3-back.os)
 .bss           0x0000000000000120        0x0 /home/cgmin/20210402/glibc/build/libc_pic.a(memmove-ssse3-back.os)
 .bss           0x0000000000000120        0x0 /home/cgmin/20210402/glibc/build/libc_pic.a(memmove-avx512-no-vzeroupper.os)
 .bss           0x0000000000000120        0x0 /home/cgmin/20210402/glibc/build/libc_pic.a(strchr-sse2.os)
 .bss           0x0000000000000120        0x0 /home/cgmin/20210402/glibc/build/libc_pic.a(strchr-avx2.os)
 .bss           0x0000000000000120        0x0 /home/cgmin/20210402/glibc/build/libc_pic.a(strlen-sse2.os)
 .bss           0x0000000000000120        0x0 /home/cgmin/20210402/glibc/build/libc_pic.a(strnlen-sse2.os)
 .bss           0x0000000000000120        0x0 /home/cgmin/20210402/glibc/build/libc_pic.a(strlen-avx2.os)
 .bss           0x0000000000000120        0x0 /home/cgmin/20210402/glibc/build/libc_pic.a(strnlen-avx2.os)
 .bss           0x0000000000000120        0x0 /home/cgmin/20210402/glibc/build/libc_pic.a(stpcpy-sse2.os)
 .bss           0x0000000000000120        0x0 /home/cgmin/20210402/glibc/build/libc_pic.a(stpcpy-ssse3.os)
 .bss           0x0000000000000120        0x0 /home/cgmin/20210402/glibc/build/libc_pic.a(stpcpy-sse2-unaligned.os)
 .bss           0x0000000000000120        0x0 /home/cgmin/20210402/glibc/build/libc_pic.a(stpcpy-avx2.os)
 .bss           0x0000000000000120        0x0 /home/cgmin/20210402/glibc/build/libc_pic.a(strchr-sse2-no-bsf.os)
 .bss           0x0000000000000120        0x0 /home/cgmin/20210402/glibc/build/libc_pic.a(memcmp-ssse3.os)
 .bss           0x0000000000000120        0x0 /home/cgmin/20210402/glibc/build/libc_pic.a(strcspn-sse2.os)
 .bss           0x0000000000000120        0x0 /home/cgmin/20210402/glibc/build/libc_pic.a(strcspn-c.os)
 .bss           0x0000000000000120        0x0 /home/cgmin/20210402/glibc/build/libc_pic.a(varshift.os)
 .bss           0x0000000000000120        0x0 /home/cgmin/20210402/glibc/build/libc_pic.a(memset-avx512-no-vzeroupper.os)
 .bss           0x0000000000000120        0x0 /home/cgmin/20210402/glibc/build/libc_pic.a(memmove-sse2-unaligned-erms.os)
 .bss           0x0000000000000120        0x0 /home/cgmin/20210402/glibc/build/libc_pic.a(memmove-avx-unaligned-erms.os)
 .bss           0x0000000000000120        0x0 /home/cgmin/20210402/glibc/build/libc_pic.a(memmove-avx512-unaligned-erms.os)
 .bss           0x0000000000000120        0x0 /home/cgmin/20210402/glibc/build/libc_pic.a(memset-sse2-unaligned-erms.os)
 .bss           0x0000000000000120        0x0 /home/cgmin/20210402/glibc/build/libc_pic.a(memset-avx2-unaligned-erms.os)
 .bss           0x0000000000000120        0x0 /home/cgmin/20210402/glibc/build/libc_pic.a(memset-avx512-unaligned-erms.os)
 .bss           0x0000000000000120        0x0 /home/cgmin/20210402/glibc/build/libc_pic.a(cacheinfo.os)
 .bss           0x0000000000000120        0x0 /home/cgmin/20210402/glibc/build/libc_pic.a(closedir.os)
 .bss           0x0000000000000120        0x0 /home/cgmin/20210402/glibc/build/libc_pic.a(rewinddir.os)
 .bss           0x0000000000000120        0x0 /home/cgmin/20210402/glibc/build/libc_pic.a(readdir64.os)
 .bss           0x0000000000000120        0x0 /home/cgmin/20210402/glibc/build/libc_pic.a(fdopendir.os)
 .bss           0x0000000000000120        0x0 /home/cgmin/20210402/glibc/build/libc_pic.a(uname.os)
 .bss           0x0000000000000120        0x0 /home/cgmin/20210402/glibc/build/libc_pic.a(_exit.os)
 .bss           0x0000000000000120        0x0 /home/cgmin/20210402/glibc/build/libc_pic.a(getpid.os)
 .bss           0x0000000000000120        0x8 /home/cgmin/20210402/glibc/build/libc_pic.a(environ.os)
                0x0000000000000120                _environ
                0x0000000000000120                __environ
                0x0000000000000120                environ
 .bss           0x0000000000000128        0x0 /home/cgmin/20210402/glibc/build/libc_pic.a(stat64.os)
 .bss           0x0000000000000128        0x0 /home/cgmin/20210402/glibc/build/libc_pic.a(fstat64.os)
 .bss           0x0000000000000128        0x0 /home/cgmin/20210402/glibc/build/libc_pic.a(lstat64.os)
 .bss           0x0000000000000128        0x0 /home/cgmin/20210402/glibc/build/libc_pic.a(fstatat64.os)
 .bss           0x0000000000000128        0x0 /home/cgmin/20210402/glibc/build/libc_pic.a(openat64.os)
 .bss           0x0000000000000128        0x0 /home/cgmin/20210402/glibc/build/libc_pic.a(lseek64.os)
 .bss           0x0000000000000128        0x0 /home/cgmin/20210402/glibc/build/libc_pic.a(access.os)
 .bss           0x0000000000000128        0x0 /home/cgmin/20210402/glibc/build/libc_pic.a(close_nocancel.os)
 .bss           0x0000000000000128        0x0 /home/cgmin/20210402/glibc/build/libc_pic.a(fcntl_nocancel.os)
 .bss           0x0000000000000128        0x0 /home/cgmin/20210402/glibc/build/libc_pic.a(open64_nocancel.os)
 .bss           0x0000000000000128        0x0 /home/cgmin/20210402/glibc/build/libc_pic.a(read_nocancel.os)
 .bss           0x0000000000000128        0x0 /home/cgmin/20210402/glibc/build/libc_pic.a(pread64_nocancel.os)
 .bss           0x0000000000000128        0x0 /home/cgmin/20210402/glibc/build/libc_pic.a(write_nocancel.os)
 .bss           0x0000000000000128        0x0 /home/cgmin/20210402/glibc/build/libc_pic.a(mmap64.os)
 .bss           0x0000000000000128        0x0 /home/cgmin/20210402/glibc/build/libc_pic.a(munmap.os)
 .bss           0x0000000000000128        0x0 /home/cgmin/20210402/glibc/build/libc_pic.a(mprotect.os)
 *fill*         0x0000000000000128       0x18 
 .bss           0x0000000000000140       0xe0 /home/cgmin/20210402/glibc/build/libc_pic.a(profil.os)
 .bss           0x0000000000000220        0x0 /home/cgmin/20210402/glibc/build/libc_pic.a(prof-freq.os)
 .bss           0x0000000000000220        0x0 /home/cgmin/20210402/glibc/build/libc_pic.a(dl-addr-obj.os)
 .bss           0x0000000000000220        0x0 /home/cgmin/20210402/glibc/build/libc_pic.a(sigaction.os)
 .bss           0x0000000000000220        0x0 /home/cgmin/20210402/glibc/build/libc_pic.a(libc-cancellation.os)
 .bss           0x0000000000000220        0x0 /home/cgmin/20210402/glibc/build/libc_pic.a(setitimer.os)
 .bss           0x0000000000000220        0x0 /home/cgmin/20210402/glibc/build/libc_pic.a(getdents64.os)
 .bss           0x0000000000000220        0x0 /home/cgmin/20210402/glibc/build/libc_pic.a(forward.os)
 .bss           0x0000000000000220        0x1 /home/cgmin/20210402/glibc/build/libc_pic.a(exit.os)
                0x0000000000000220                __exit_funcs_done
 *fill*         0x0000000000000221       0x1f 
 .bss           0x0000000000000240      0x410 /home/cgmin/20210402/glibc/build/libc_pic.a(cxa_atexit.os)
 .bss           0x0000000000000650        0x0 /home/cgmin/20210402/glibc/build/libc_pic.a(cxa_thread_atexit_impl.os)
 *(COMMON)
 COMMON         0x0000000000000650        0x0 /home/cgmin/20210402/glibc/build/elf/dl-allobjs.os
 COMMON         0x0000000000000650        0x0 /home/cgmin/20210402/glibc/build/libc_pic.a(cacheinfo.os)
 COMMON         0x0000000000000650        0x0 /home/cgmin/20210402/glibc/build/libc_pic.a(forward.os)
 COMMON         0x0000000000000650        0x0 /home/cgmin/20210402/glibc/build/libc_pic.a(cxa_atexit.os)

.lbss
 *(.dynlbss)
 *(.lbss)
 *(LARGE_COMMON)

.lrodata
 *(.lrodata)

.ldata
 *(.ldata)

.stab
 *(.stab)

.stabstr
 *(.stabstr)

.stab.excl
 *(.stab.excl)

.stab.exclstr
 *(.stab.exclstr)

.stab.index
 *(.stab.index)

.stab.indexstr
 *(.stab.indexstr)

.comment        0x0000000000000000     0x10a1
 *(.comment)
 .comment       0x0000000000000000      0x7ba /home/cgmin/20210402/glibc/build/elf/dl-allobjs.os
 .comment       0x00000000000007ba       0x2b /home/cgmin/20210402/glibc/build/libc_pic.a(check_fds.os)